2026-05-20 00:09:58 startup archives unpack
2026-05-20 00:09:58 upgrade base-files:arm64 12.4+deb12u13 12.4+deb12u14
2026-05-20 00:09:58 status half-configured base-files:arm64 12.4+deb12u13
2026-05-20 00:09:58 status unpacked base-files:arm64 12.4+deb12u13
2026-05-20 00:09:58 status half-installed base-files:arm64 12.4+deb12u13
2026-05-20 00:09:58 status triggers-pending man-db:arm64 2.11.2-2
2026-05-20 00:09:58 status unpacked base-files:arm64 12.4+deb12u14
2026-05-20 00:09:58 startup packages configure
2026-05-20 00:09:58 configure base-files:arm64 12.4+deb12u14 <none>
2026-05-20 00:09:58 status unpacked base-files:arm64 12.4+deb12u14
2026-05-20 00:09:58 status half-configured base-files:arm64 12.4+deb12u14
2026-05-20 00:09:58 status installed base-files:arm64 12.4+deb12u14
2026-05-20 00:09:58 startup archives unpack
2026-05-20 00:09:58 upgrade bash:arm64 5.2.15-2+b10 5.2.15-2+b13
2026-05-20 00:09:58 status half-configured bash:arm64 5.2.15-2+b10
2026-05-20 00:09:58 status unpacked bash:arm64 5.2.15-2+b10
2026-05-20 00:09:58 status half-installed bash:arm64 5.2.15-2+b10
2026-05-20 00:09:58 status triggers-pending debianutils:arm64 5.7-0.5~deb12u1
2026-05-20 00:09:58 status unpacked bash:arm64 5.2.15-2+b13
2026-05-20 00:09:58 startup packages configure
2026-05-20 00:09:58 configure bash:arm64 5.2.15-2+b13 <none>
2026-05-20 00:09:58 status unpacked bash:arm64 5.2.15-2+b13
2026-05-20 00:09:58 status half-configured bash:arm64 5.2.15-2+b13
2026-05-20 00:09:58 status installed bash:arm64 5.2.15-2+b13
2026-05-20 00:09:58 startup archives unpack
2026-05-20 00:09:58 upgrade dpkg:arm64 1.21.22 1.21.23
2026-05-20 00:09:58 status half-configured dpkg:arm64 1.21.22
2026-05-20 00:09:58 status unpacked dpkg:arm64 1.21.22
2026-05-20 00:09:58 status half-installed dpkg:arm64 1.21.22
2026-05-20 00:09:58 status unpacked dpkg:arm64 1.21.23
2026-05-20 00:09:58 startup packages configure
2026-05-20 00:09:58 configure dpkg:arm64 1.21.23 <none>
2026-05-20 00:09:58 status unpacked dpkg:arm64 1.21.23
2026-05-20 00:09:58 status half-configured dpkg:arm64 1.21.23
2026-05-20 00:09:58 status installed dpkg:arm64 1.21.23
2026-05-20 00:09:58 startup archives unpack
2026-05-20 00:09:58 upgrade sed:arm64 4.9-1 4.9-1+deb12u1
2026-05-20 00:09:58 status half-configured sed:arm64 4.9-1
2026-05-20 00:09:58 status unpacked sed:arm64 4.9-1
2026-05-20 00:09:58 status half-installed sed:arm64 4.9-1
2026-05-20 00:09:58 status unpacked sed:arm64 4.9-1+deb12u1
2026-05-20 00:09:58 startup packages configure
2026-05-20 00:09:58 configure sed:arm64 4.9-1+deb12u1 <none>
2026-05-20 00:09:58 status unpacked sed:arm64 4.9-1+deb12u1
2026-05-20 00:09:58 status half-configured sed:arm64 4.9-1+deb12u1
2026-05-20 00:09:58 status installed sed:arm64 4.9-1+deb12u1
2026-05-20 00:09:58 startup archives unpack
2026-05-20 00:09:59 upgrade libc-devtools:arm64 2.36-9+deb12u13 2.36-9+deb12u14
2026-05-20 00:09:59 status half-configured libc-devtools:arm64 2.36-9+deb12u13
2026-05-20 00:09:59 status unpacked libc-devtools:arm64 2.36-9+deb12u13
2026-05-20 00:09:59 status half-installed libc-devtools:arm64 2.36-9+deb12u13
2026-05-20 00:09:59 status unpacked libc-devtools:arm64 2.36-9+deb12u14
2026-05-20 00:09:59 upgrade libc6-dev:arm64 2.36-9+deb12u13 2.36-9+deb12u14
2026-05-20 00:09:59 status half-configured libc6-dev:arm64 2.36-9+deb12u13
2026-05-20 00:09:59 status unpacked libc6-dev:arm64 2.36-9+deb12u13
2026-05-20 00:09:59 status half-installed libc6-dev:arm64 2.36-9+deb12u13
2026-05-20 00:09:59 status unpacked libc6-dev:arm64 2.36-9+deb12u14
2026-05-20 00:09:59 upgrade libc-dev-bin:arm64 2.36-9+deb12u13 2.36-9+deb12u14
2026-05-20 00:09:59 status half-configured libc-dev-bin:arm64 2.36-9+deb12u13
2026-05-20 00:09:59 status unpacked libc-dev-bin:arm64 2.36-9+deb12u13
2026-05-20 00:09:59 status half-installed libc-dev-bin:arm64 2.36-9+deb12u13
2026-05-20 00:09:59 status unpacked libc-dev-bin:arm64 2.36-9+deb12u14
2026-05-20 00:09:59 upgrade linux-libc-dev:arm64 6.1.164-1 6.1.172-1
2026-05-20 00:09:59 status half-configured linux-libc-dev:arm64 6.1.164-1
2026-05-20 00:09:59 status unpacked linux-libc-dev:arm64 6.1.164-1
2026-05-20 00:09:59 status half-installed linux-libc-dev:arm64 6.1.164-1
2026-05-20 00:09:59 status unpacked linux-libc-dev:arm64 6.1.172-1
2026-05-20 00:09:59 upgrade libc6:arm64 2.36-9+deb12u13 2.36-9+deb12u14
2026-05-20 00:09:59 status triggers-pending libc-bin:arm64 2.36-9+deb12u13
2026-05-20 00:09:59 status half-configured libc6:arm64 2.36-9+deb12u13
2026-05-20 00:09:59 status unpacked libc6:arm64 2.36-9+deb12u13
2026-05-20 00:09:59 status half-installed libc6:arm64 2.36-9+deb12u13
2026-05-20 00:09:59 status unpacked libc6:arm64 2.36-9+deb12u14
2026-05-20 00:09:59 startup packages configure
2026-05-20 00:09:59 configure libc6:arm64 2.36-9+deb12u14 <none>
2026-05-20 00:09:59 status unpacked libc6:arm64 2.36-9+deb12u14
2026-05-20 00:09:59 status half-configured libc6:arm64 2.36-9+deb12u14
2026-05-20 00:09:59 status installed libc6:arm64 2.36-9+deb12u14
2026-05-20 00:09:59 startup archives unpack
2026-05-20 00:09:59 upgrade libc-bin:arm64 2.36-9+deb12u13 2.36-9+deb12u14
2026-05-20 00:09:59 status half-configured libc-bin:arm64 2.36-9+deb12u13
2026-05-20 00:09:59 status unpacked libc-bin:arm64 2.36-9+deb12u13
2026-05-20 00:09:59 status half-installed libc-bin:arm64 2.36-9+deb12u13
2026-05-20 00:09:59 status unpacked libc-bin:arm64 2.36-9+deb12u14
2026-05-20 00:09:59 startup packages configure
2026-05-20 00:09:59 configure libc-bin:arm64 2.36-9+deb12u14 <none>
2026-05-20 00:09:59 status unpacked libc-bin:arm64 2.36-9+deb12u14
2026-05-20 00:09:59 status half-configured libc-bin:arm64 2.36-9+deb12u14
2026-05-20 00:09:59 status installed libc-bin:arm64 2.36-9+deb12u14
2026-05-20 00:09:59 startup archives unpack
2026-05-20 00:09:59 upgrade libcap2:arm64 1:2.66-4+deb12u2+b2 1:2.66-4+deb12u3+b1
2026-05-20 00:09:59 status triggers-pending libc-bin:arm64 2.36-9+deb12u14
2026-05-20 00:09:59 status half-configured libcap2:arm64 1:2.66-4+deb12u2+b2
2026-05-20 00:09:59 status unpacked libcap2:arm64 1:2.66-4+deb12u2+b2
2026-05-20 00:09:59 status half-installed libcap2:arm64 1:2.66-4+deb12u2+b2
2026-05-20 00:09:59 status unpacked libcap2:arm64 1:2.66-4+deb12u3+b1
2026-05-20 00:09:59 startup packages configure
2026-05-20 00:09:59 configure libcap2:arm64 1:2.66-4+deb12u3+b1 <none>
2026-05-20 00:09:59 status unpacked libcap2:arm64 1:2.66-4+deb12u3+b1
2026-05-20 00:09:59 status half-configured libcap2:arm64 1:2.66-4+deb12u3+b1
2026-05-20 00:09:59 status installed libcap2:arm64 1:2.66-4+deb12u3+b1
2026-05-20 00:09:59 startup archives unpack
2026-05-20 00:09:59 upgrade libnss-systemd:arm64 252.39-1~deb12u1 252.39-1~deb12u2
2026-05-20 00:09:59 status half-configured libnss-systemd:arm64 252.39-1~deb12u1
2026-05-20 00:09:59 status unpacked libnss-systemd:arm64 252.39-1~deb12u1
2026-05-20 00:09:59 status half-installed libnss-systemd:arm64 252.39-1~deb12u1
2026-05-20 00:09:59 status unpacked libnss-systemd:arm64 252.39-1~deb12u2
2026-05-20 00:09:59 upgrade libssl-dev:arm64 3.0.18-1~deb12u2 3.0.20-1~deb12u1
2026-05-20 00:09:59 status half-configured libssl-dev:arm64 3.0.18-1~deb12u2
2026-05-20 00:09:59 status unpacked libssl-dev:arm64 3.0.18-1~deb12u2
2026-05-20 00:09:59 status half-installed libssl-dev:arm64 3.0.18-1~deb12u2
2026-05-20 00:09:59 status unpacked libssl-dev:arm64 3.0.20-1~deb12u1
2026-05-20 00:09:59 upgrade libssl3:arm64 3.0.18-1~deb12u2 3.0.20-1~deb12u1
2026-05-20 00:09:59 status half-configured libssl3:arm64 3.0.18-1~deb12u2
2026-05-20 00:09:59 status unpacked libssl3:arm64 3.0.18-1~deb12u2
2026-05-20 00:09:59 status half-installed libssl3:arm64 3.0.18-1~deb12u2
2026-05-20 00:10:00 status unpacked libssl3:arm64 3.0.20-1~deb12u1
2026-05-20 00:10:00 upgrade systemd-timesyncd:arm64 252.39-1~deb12u1 252.39-1~deb12u2
2026-05-20 00:10:00 status half-configured systemd-timesyncd:arm64 252.39-1~deb12u1
2026-05-20 00:10:00 status unpacked systemd-timesyncd:arm64 252.39-1~deb12u1
2026-05-20 00:10:00 status half-installed systemd-timesyncd:arm64 252.39-1~deb12u1
2026-05-20 00:10:00 status triggers-pending dbus:arm64 1.14.10-1~deb12u1
2026-05-20 00:10:00 status unpacked systemd-timesyncd:arm64 252.39-1~deb12u2
2026-05-20 00:10:00 upgrade libpam-systemd:arm64 252.39-1~deb12u1 252.39-1~deb12u2
2026-05-20 00:10:00 status half-configured libpam-systemd:arm64 252.39-1~deb12u1
2026-05-20 00:10:00 status unpacked libpam-systemd:arm64 252.39-1~deb12u1
2026-05-20 00:10:00 status half-installed libpam-systemd:arm64 252.39-1~deb12u1
2026-05-20 00:10:00 status unpacked libpam-systemd:arm64 252.39-1~deb12u2
2026-05-20 00:10:00 upgrade xserver-xorg-legacy:arm64 2:21.1.7-3+deb12u11 2:21.1.7-3+deb12u12
2026-05-20 00:10:00 status half-configured xserver-xorg-legacy:arm64 2:21.1.7-3+deb12u11
2026-05-20 00:10:00 status unpacked xserver-xorg-legacy:arm64 2:21.1.7-3+deb12u11
2026-05-20 00:10:00 status half-installed xserver-xorg-legacy:arm64 2:21.1.7-3+deb12u11
2026-05-20 00:10:00 status unpacked xserver-xorg-legacy:arm64 2:21.1.7-3+deb12u12
2026-05-20 00:10:00 upgrade xserver-xorg-core:arm64 2:21.1.7-3+deb12u11 2:21.1.7-3+deb12u12
2026-05-20 00:10:00 status half-configured xserver-xorg-core:arm64 2:21.1.7-3+deb12u11
2026-05-20 00:10:00 status unpacked xserver-xorg-core:arm64 2:21.1.7-3+deb12u11
2026-05-20 00:10:00 status half-installed xserver-xorg-core:arm64 2:21.1.7-3+deb12u11
2026-05-20 00:10:00 status unpacked xserver-xorg-core:arm64 2:21.1.7-3+deb12u12
2026-05-20 00:10:00 startup packages configure
2026-05-20 00:10:00 configure libssl3:arm64 3.0.20-1~deb12u1 <none>
2026-05-20 00:10:00 status unpacked libssl3:arm64 3.0.20-1~deb12u1
2026-05-20 00:10:00 status half-configured libssl3:arm64 3.0.20-1~deb12u1
2026-05-20 00:10:00 status installed libssl3:arm64 3.0.20-1~deb12u1
2026-05-20 00:10:00 startup archives unpack
2026-05-20 00:10:00 upgrade systemd:arm64 252.39-1~deb12u1 252.39-1~deb12u2
2026-05-20 00:10:00 status half-configured systemd:arm64 252.39-1~deb12u1
2026-05-20 00:10:00 status unpacked systemd:arm64 252.39-1~deb12u1
2026-05-20 00:10:00 status half-installed systemd:arm64 252.39-1~deb12u1
2026-05-20 00:10:00 status unpacked systemd:arm64 252.39-1~deb12u2
2026-05-20 00:10:00 upgrade libsystemd-shared:arm64 252.39-1~deb12u1 252.39-1~deb12u2
2026-05-20 00:10:00 status half-configured libsystemd-shared:arm64 252.39-1~deb12u1
2026-05-20 00:10:00 status unpacked libsystemd-shared:arm64 252.39-1~deb12u1
2026-05-20 00:10:00 status half-installed libsystemd-shared:arm64 252.39-1~deb12u1
2026-05-20 00:10:00 status unpacked libsystemd-shared:arm64 252.39-1~deb12u2
2026-05-20 00:10:00 upgrade libsystemd0:arm64 252.39-1~deb12u1 252.39-1~deb12u2
2026-05-20 00:10:00 status half-configured libsystemd0:arm64 252.39-1~deb12u1
2026-05-20 00:10:00 status unpacked libsystemd0:arm64 252.39-1~deb12u1
2026-05-20 00:10:00 status half-installed libsystemd0:arm64 252.39-1~deb12u1
2026-05-20 00:10:00 status unpacked libsystemd0:arm64 252.39-1~deb12u2
2026-05-20 00:10:00 startup packages configure
2026-05-20 00:10:00 configure libsystemd0:arm64 252.39-1~deb12u2 <none>
2026-05-20 00:10:00 status unpacked libsystemd0:arm64 252.39-1~deb12u2
2026-05-20 00:10:00 status half-configured libsystemd0:arm64 252.39-1~deb12u2
2026-05-20 00:10:00 status installed libsystemd0:arm64 252.39-1~deb12u2
2026-05-20 00:10:00 configure libsystemd-shared:arm64 252.39-1~deb12u2 <none>
2026-05-20 00:10:00 status unpacked libsystemd-shared:arm64 252.39-1~deb12u2
2026-05-20 00:10:00 status half-configured libsystemd-shared:arm64 252.39-1~deb12u2
2026-05-20 00:10:00 status installed libsystemd-shared:arm64 252.39-1~deb12u2
2026-05-20 00:10:00 configure systemd:arm64 252.39-1~deb12u2 <none>
2026-05-20 00:10:00 status unpacked systemd:arm64 252.39-1~deb12u2
2026-05-20 00:10:00 status half-configured systemd:arm64 252.39-1~deb12u2
2026-05-20 00:10:00 status installed systemd:arm64 252.39-1~deb12u2
2026-05-20 00:10:00 startup archives unpack
2026-05-20 00:10:00 upgrade systemd-sysv:arm64 252.39-1~deb12u1 252.39-1~deb12u2
2026-05-20 00:10:00 status half-configured systemd-sysv:arm64 252.39-1~deb12u1
2026-05-20 00:10:00 status unpacked systemd-sysv:arm64 252.39-1~deb12u1
2026-05-20 00:10:00 status half-installed systemd-sysv:arm64 252.39-1~deb12u1
2026-05-20 00:10:00 status unpacked systemd-sysv:arm64 252.39-1~deb12u2
2026-05-20 00:10:00 upgrade xserver-common:all 2:21.1.7-3+deb12u11 2:21.1.7-3+deb12u12
2026-05-20 00:10:00 status half-configured xserver-common:all 2:21.1.7-3+deb12u11
2026-05-20 00:10:00 status unpacked xserver-common:all 2:21.1.7-3+deb12u11
2026-05-20 00:10:00 status half-installed xserver-common:all 2:21.1.7-3+deb12u11
2026-05-20 00:10:00 status unpacked xserver-common:all 2:21.1.7-3+deb12u12
2026-05-20 00:10:00 upgrade udev:arm64 252.39-1~deb12u1 252.39-1~deb12u2
2026-05-20 00:10:00 status triggers-pending initramfs-tools:all 0.142+deb12u3
2026-05-20 00:10:00 status half-configured udev:arm64 252.39-1~deb12u1
2026-05-20 00:10:00 status unpacked udev:arm64 252.39-1~deb12u1
2026-05-20 00:10:00 status half-installed udev:arm64 252.39-1~deb12u1
2026-05-20 00:10:01 status unpacked udev:arm64 252.39-1~deb12u2
2026-05-20 00:10:01 upgrade libudev1:arm64 252.39-1~deb12u1 252.39-1~deb12u2
2026-05-20 00:10:01 status half-configured libudev1:arm64 252.39-1~deb12u1
2026-05-20 00:10:01 status unpacked libudev1:arm64 252.39-1~deb12u1
2026-05-20 00:10:01 status half-installed libudev1:arm64 252.39-1~deb12u1
2026-05-20 00:10:01 status unpacked libudev1:arm64 252.39-1~deb12u2
2026-05-20 00:10:01 startup packages configure
2026-05-20 00:10:01 configure libudev1:arm64 252.39-1~deb12u2 <none>
2026-05-20 00:10:01 status unpacked libudev1:arm64 252.39-1~deb12u2
2026-05-20 00:10:01 status half-configured libudev1:arm64 252.39-1~deb12u2
2026-05-20 00:10:01 status installed libudev1:arm64 252.39-1~deb12u2
2026-05-20 00:10:01 startup archives unpack
2026-05-20 00:10:01 upgrade docker-ce-cli:arm64 5:29.3.1-1~debian.12~bookworm 5:29.5.1-1~debian.12~bookworm
2026-05-20 00:10:01 status half-configured docker-ce-cli:arm64 5:29.3.1-1~debian.12~bookworm
2026-05-20 00:10:01 status unpacked docker-ce-cli:arm64 5:29.3.1-1~debian.12~bookworm
2026-05-20 00:10:01 status half-installed docker-ce-cli:arm64 5:29.3.1-1~debian.12~bookworm
2026-05-20 00:10:01 status unpacked docker-ce-cli:arm64 5:29.5.1-1~debian.12~bookworm
2026-05-20 00:10:01 upgrade containerd.io:arm64 2.2.2-1~debian.12~bookworm 2.2.3-1~debian.12~bookworm
2026-05-20 00:10:01 status half-configured containerd.io:arm64 2.2.2-1~debian.12~bookworm
2026-05-20 00:10:01 status unpacked containerd.io:arm64 2.2.2-1~debian.12~bookworm
2026-05-20 00:10:01 status half-installed containerd.io:arm64 2.2.2-1~debian.12~bookworm
2026-05-20 00:10:02 status unpacked containerd.io:arm64 2.2.3-1~debian.12~bookworm
2026-05-20 00:10:02 upgrade docker-ce:arm64 5:29.3.1-1~debian.12~bookworm 5:29.5.1-1~debian.12~bookworm
2026-05-20 00:10:02 status half-configured docker-ce:arm64 5:29.3.1-1~debian.12~bookworm
2026-05-20 00:10:02 status unpacked docker-ce:arm64 5:29.3.1-1~debian.12~bookworm
2026-05-20 00:10:02 status half-installed docker-ce:arm64 5:29.3.1-1~debian.12~bookworm
2026-05-20 00:10:02 status unpacked docker-ce:arm64 5:29.5.1-1~debian.12~bookworm
2026-05-20 00:10:02 upgrade openssh-sftp-server:arm64 1:9.2p1-2+deb12u7 1:9.2p1-2+deb12u10
2026-05-20 00:10:02 status half-configured openssh-sftp-server:arm64 1:9.2p1-2+deb12u7
2026-05-20 00:10:02 status unpacked openssh-sftp-server:arm64 1:9.2p1-2+deb12u7
2026-05-20 00:10:02 status half-installed openssh-sftp-server:arm64 1:9.2p1-2+deb12u7
2026-05-20 00:10:02 status unpacked openssh-sftp-server:arm64 1:9.2p1-2+deb12u10
2026-05-20 00:10:02 upgrade openssh-server:arm64 1:9.2p1-2+deb12u7 1:9.2p1-2+deb12u10
2026-05-20 00:10:02 status half-configured openssh-server:arm64 1:9.2p1-2+deb12u7
2026-05-20 00:10:02 status unpacked openssh-server:arm64 1:9.2p1-2+deb12u7
2026-05-20 00:10:02 status half-installed openssh-server:arm64 1:9.2p1-2+deb12u7
2026-05-20 00:10:02 status unpacked openssh-server:arm64 1:9.2p1-2+deb12u10
2026-05-20 00:10:02 upgrade openssh-client:arm64 1:9.2p1-2+deb12u7 1:9.2p1-2+deb12u10
2026-05-20 00:10:02 status half-configured openssh-client:arm64 1:9.2p1-2+deb12u7
2026-05-20 00:10:02 status unpacked openssh-client:arm64 1:9.2p1-2+deb12u7
2026-05-20 00:10:02 status half-installed openssh-client:arm64 1:9.2p1-2+deb12u7
2026-05-20 00:10:02 status unpacked openssh-client:arm64 1:9.2p1-2+deb12u10
2026-05-20 00:10:02 upgrade python3.11:arm64 3.11.2-6+deb12u6 3.11.2-6+deb12u7
2026-05-20 00:10:02 status half-configured python3.11:arm64 3.11.2-6+deb12u6
2026-05-20 00:10:03 status unpacked python3.11:arm64 3.11.2-6+deb12u6
2026-05-20 00:10:03 status half-installed python3.11:arm64 3.11.2-6+deb12u6
2026-05-20 00:10:03 status triggers-pending desktop-file-utils:arm64 0.26-1
2026-05-20 00:10:03 status triggers-pending mailcap:all 3.70+nmu1
2026-05-20 00:10:03 status unpacked python3.11:arm64 3.11.2-6+deb12u7
2026-05-20 00:10:03 upgrade libpython3.11-stdlib:arm64 3.11.2-6+deb12u6 3.11.2-6+deb12u7
2026-05-20 00:10:03 status half-configured libpython3.11-stdlib:arm64 3.11.2-6+deb12u6
2026-05-20 00:10:03 status unpacked libpython3.11-stdlib:arm64 3.11.2-6+deb12u6
2026-05-20 00:10:03 status half-installed libpython3.11-stdlib:arm64 3.11.2-6+deb12u6
2026-05-20 00:10:03 status unpacked libpython3.11-stdlib:arm64 3.11.2-6+deb12u7
2026-05-20 00:10:03 upgrade python3.11-minimal:arm64 3.11.2-6+deb12u6 3.11.2-6+deb12u7
2026-05-20 00:10:03 status half-configured python3.11-minimal:arm64 3.11.2-6+deb12u6
2026-05-20 00:10:03 status unpacked python3.11-minimal:arm64 3.11.2-6+deb12u6
2026-05-20 00:10:03 status half-installed python3.11-minimal:arm64 3.11.2-6+deb12u6
2026-05-20 00:10:03 status triggers-pending systemd:arm64 252.39-1~deb12u2
2026-05-20 00:10:03 status unpacked python3.11-minimal:arm64 3.11.2-6+deb12u7
2026-05-20 00:10:03 upgrade libpython3.11-minimal:arm64 3.11.2-6+deb12u6 3.11.2-6+deb12u7
2026-05-20 00:10:03 status half-configured libpython3.11-minimal:arm64 3.11.2-6+deb12u6
2026-05-20 00:10:03 status unpacked libpython3.11-minimal:arm64 3.11.2-6+deb12u6
2026-05-20 00:10:03 status half-installed libpython3.11-minimal:arm64 3.11.2-6+deb12u6
2026-05-20 00:10:03 status unpacked libpython3.11-minimal:arm64 3.11.2-6+deb12u7
2026-05-20 00:10:03 upgrade sudo:arm64 1.9.13p3-1+deb12u3 1.9.13p3-1+deb12u4
2026-05-20 00:10:03 status half-configured sudo:arm64 1.9.13p3-1+deb12u3
2026-05-20 00:10:03 status unpacked sudo:arm64 1.9.13p3-1+deb12u3
2026-05-20 00:10:03 status half-installed sudo:arm64 1.9.13p3-1+deb12u3
2026-05-20 00:10:03 status unpacked sudo:arm64 1.9.13p3-1+deb12u4
2026-05-20 00:10:03 upgrade libgnutls28-dev:arm64 3.7.9-2+deb12u6 3.7.9-2+deb12u7
2026-05-20 00:10:03 status half-configured libgnutls28-dev:arm64 3.7.9-2+deb12u6
2026-05-20 00:10:03 status unpacked libgnutls28-dev:arm64 3.7.9-2+deb12u6
2026-05-20 00:10:03 status half-installed libgnutls28-dev:arm64 3.7.9-2+deb12u6
2026-05-20 00:10:03 status unpacked libgnutls28-dev:arm64 3.7.9-2+deb12u7
2026-05-20 00:10:03 upgrade libgnutls-dane0:arm64 3.7.9-2+deb12u6 3.7.9-2+deb12u7
2026-05-20 00:10:03 status half-configured libgnutls-dane0:arm64 3.7.9-2+deb12u6
2026-05-20 00:10:03 status unpacked libgnutls-dane0:arm64 3.7.9-2+deb12u6
2026-05-20 00:10:03 status half-installed libgnutls-dane0:arm64 3.7.9-2+deb12u6
2026-05-20 00:10:03 status unpacked libgnutls-dane0:arm64 3.7.9-2+deb12u7
2026-05-20 00:10:03 upgrade libgnutls-openssl27:arm64 3.7.9-2+deb12u6 3.7.9-2+deb12u7
2026-05-20 00:10:03 status half-configured libgnutls-openssl27:arm64 3.7.9-2+deb12u6
2026-05-20 00:10:03 status unpacked libgnutls-openssl27:arm64 3.7.9-2+deb12u6
2026-05-20 00:10:03 status half-installed libgnutls-openssl27:arm64 3.7.9-2+deb12u6
2026-05-20 00:10:03 status unpacked libgnutls-openssl27:arm64 3.7.9-2+deb12u7
2026-05-20 00:10:03 upgrade libgnutlsxx30:arm64 3.7.9-2+deb12u6 3.7.9-2+deb12u7
2026-05-20 00:10:03 status half-configured libgnutlsxx30:arm64 3.7.9-2+deb12u6
2026-05-20 00:10:03 status unpacked libgnutlsxx30:arm64 3.7.9-2+deb12u6
2026-05-20 00:10:03 status half-installed libgnutlsxx30:arm64 3.7.9-2+deb12u6
2026-05-20 00:10:03 status unpacked libgnutlsxx30:arm64 3.7.9-2+deb12u7
2026-05-20 00:10:03 upgrade libgnutls30:arm64 3.7.9-2+deb12u6 3.7.9-2+deb12u7
2026-05-20 00:10:03 status half-configured libgnutls30:arm64 3.7.9-2+deb12u6
2026-05-20 00:10:03 status unpacked libgnutls30:arm64 3.7.9-2+deb12u6
2026-05-20 00:10:03 status half-installed libgnutls30:arm64 3.7.9-2+deb12u6
2026-05-20 00:10:03 status unpacked libgnutls30:arm64 3.7.9-2+deb12u7
2026-05-20 00:10:03 startup packages configure
2026-05-20 00:10:03 configure libgnutls30:arm64 3.7.9-2+deb12u7 <none>
2026-05-20 00:10:03 status unpacked libgnutls30:arm64 3.7.9-2+deb12u7
2026-05-20 00:10:03 status half-configured libgnutls30:arm64 3.7.9-2+deb12u7
2026-05-20 00:10:03 status installed libgnutls30:arm64 3.7.9-2+deb12u7
2026-05-20 00:10:03 startup archives unpack
2026-05-20 00:10:03 upgrade tzdata:all 2025b-0+deb12u2 2026b-0+deb12u1
2026-05-20 00:10:03 status half-configured tzdata:all 2025b-0+deb12u2
2026-05-20 00:10:03 status unpacked tzdata:all 2025b-0+deb12u2
2026-05-20 00:10:03 status half-installed tzdata:all 2025b-0+deb12u2
2026-05-20 00:10:03 status unpacked tzdata:all 2026b-0+deb12u1
2026-05-20 00:10:03 upgrade inetutils-telnet:arm64 2:2.4-2+deb12u2 2:2.4-2+deb12u3
2026-05-20 00:10:03 status half-configured inetutils-telnet:arm64 2:2.4-2+deb12u2
2026-05-20 00:10:03 status unpacked inetutils-telnet:arm64 2:2.4-2+deb12u2
2026-05-20 00:10:03 status half-installed inetutils-telnet:arm64 2:2.4-2+deb12u2
2026-05-20 00:10:03 status unpacked inetutils-telnet:arm64 2:2.4-2+deb12u3
2026-05-20 00:10:03 upgrade libc-l10n:all 2.36-9+deb12u13 2.36-9+deb12u14
2026-05-20 00:10:03 status half-configured libc-l10n:all 2.36-9+deb12u13
2026-05-20 00:10:03 status unpacked libc-l10n:all 2.36-9+deb12u13
2026-05-20 00:10:03 status half-installed libc-l10n:all 2.36-9+deb12u13
2026-05-20 00:10:03 status unpacked libc-l10n:all 2.36-9+deb12u14
2026-05-20 00:10:03 upgrade locales:all 2.36-9+deb12u13 2.36-9+deb12u14
2026-05-20 00:10:03 status half-configured locales:all 2.36-9+deb12u13
2026-05-20 00:10:03 status unpacked locales:all 2.36-9+deb12u13
2026-05-20 00:10:03 status half-installed locales:all 2.36-9+deb12u13
2026-05-20 00:10:04 status unpacked locales:all 2.36-9+deb12u14
2026-05-20 00:10:04 upgrade busybox:arm64 1:1.35.0-4+b7 1:1.35.0-4+deb12u1+b1
2026-05-20 00:10:04 status half-configured busybox:arm64 1:1.35.0-4+b7
2026-05-20 00:10:04 status unpacked busybox:arm64 1:1.35.0-4+b7
2026-05-20 00:10:04 status half-installed busybox:arm64 1:1.35.0-4+b7
2026-05-20 00:10:04 status unpacked busybox:arm64 1:1.35.0-4+deb12u1+b1
2026-05-20 00:10:04 upgrade distro-info-data:all 0.58+deb12u6 0.58+deb12u7
2026-05-20 00:10:04 status half-configured distro-info-data:all 0.58+deb12u6
2026-05-20 00:10:04 status unpacked distro-info-data:all 0.58+deb12u6
2026-05-20 00:10:04 status half-installed distro-info-data:all 0.58+deb12u6
2026-05-20 00:10:04 status unpacked distro-info-data:all 0.58+deb12u7
2026-05-20 00:10:04 upgrade docker-buildx-plugin:arm64 0.33.0-1~debian.12~bookworm 0.34.0-1~debian.12~bookworm
2026-05-20 00:10:04 status half-configured docker-buildx-plugin:arm64 0.33.0-1~debian.12~bookworm
2026-05-20 00:10:04 status unpacked docker-buildx-plugin:arm64 0.33.0-1~debian.12~bookworm
2026-05-20 00:10:04 status half-installed docker-buildx-plugin:arm64 0.33.0-1~debian.12~bookworm
2026-05-20 00:10:04 status unpacked docker-buildx-plugin:arm64 0.34.0-1~debian.12~bookworm
2026-05-20 00:10:04 upgrade docker-ce-rootless-extras:arm64 5:29.3.1-1~debian.12~bookworm 5:29.5.1-1~debian.12~bookworm
2026-05-20 00:10:04 status half-configured docker-ce-rootless-extras:arm64 5:29.3.1-1~debian.12~bookworm
2026-05-20 00:10:04 status unpacked docker-ce-rootless-extras:arm64 5:29.3.1-1~debian.12~bookworm
2026-05-20 00:10:04 status half-installed docker-ce-rootless-extras:arm64 5:29.3.1-1~debian.12~bookworm
2026-05-20 00:10:04 status unpacked docker-ce-rootless-extras:arm64 5:29.5.1-1~debian.12~bookworm
2026-05-20 00:10:04 upgrade docker-compose-plugin:arm64 5.1.1-1~debian.12~bookworm 5.1.3-1~debian.12~bookworm
2026-05-20 00:10:04 status half-configured docker-compose-plugin:arm64 5.1.1-1~debian.12~bookworm
2026-05-20 00:10:04 status unpacked docker-compose-plugin:arm64 5.1.1-1~debian.12~bookworm
2026-05-20 00:10:04 status half-installed docker-compose-plugin:arm64 5.1.1-1~debian.12~bookworm
2026-05-20 00:10:05 status unpacked docker-compose-plugin:arm64 5.1.3-1~debian.12~bookworm
2026-05-20 00:10:05 upgrade dpkg-dev:all 1.21.22 1.21.23
2026-05-20 00:10:05 status half-configured dpkg-dev:all 1.21.22
2026-05-20 00:10:05 status unpacked dpkg-dev:all 1.21.22
2026-05-20 00:10:05 status half-installed dpkg-dev:all 1.21.22
2026-05-20 00:10:05 status unpacked dpkg-dev:all 1.21.23
2026-05-20 00:10:05 upgrade libdpkg-perl:all 1.21.22 1.21.23
2026-05-20 00:10:05 status half-configured libdpkg-perl:all 1.21.22
2026-05-20 00:10:05 status unpacked libdpkg-perl:all 1.21.22
2026-05-20 00:10:05 status half-installed libdpkg-perl:all 1.21.22
2026-05-20 00:10:05 status unpacked libdpkg-perl:all 1.21.23
2026-05-20 00:10:05 upgrade grub2-common:arm64 2.06-13+deb12u1 2.06-13+deb12u2
2026-05-20 00:10:05 status half-configured grub2-common:arm64 2.06-13+deb12u1
2026-05-20 00:10:05 status unpacked grub2-common:arm64 2.06-13+deb12u1
2026-05-20 00:10:05 status half-installed grub2-common:arm64 2.06-13+deb12u1
2026-05-20 00:10:05 status unpacked grub2-common:arm64 2.06-13+deb12u2
2026-05-20 00:10:05 upgrade grub-efi-arm64:arm64 2.06-13+deb12u1 2.06-13+deb12u2
2026-05-20 00:10:05 status half-configured grub-efi-arm64:arm64 2.06-13+deb12u1
2026-05-20 00:10:05 status unpacked grub-efi-arm64:arm64 2.06-13+deb12u1
2026-05-20 00:10:05 status half-installed grub-efi-arm64:arm64 2.06-13+deb12u1
2026-05-20 00:10:05 status unpacked grub-efi-arm64:arm64 2.06-13+deb12u2
2026-05-20 00:10:05 upgrade grub-efi-arm64-bin:arm64 2.06-13+deb12u1 2.06-13+deb12u2
2026-05-20 00:10:05 status half-configured grub-efi-arm64-bin:arm64 2.06-13+deb12u1
2026-05-20 00:10:05 status unpacked grub-efi-arm64-bin:arm64 2.06-13+deb12u1
2026-05-20 00:10:05 status half-installed grub-efi-arm64-bin:arm64 2.06-13+deb12u1
2026-05-20 00:10:05 status unpacked grub-efi-arm64-bin:arm64 2.06-13+deb12u2
2026-05-20 00:10:05 upgrade grub-common:arm64 2.06-13+deb12u1 2.06-13+deb12u2
2026-05-20 00:10:05 status half-configured grub-common:arm64 2.06-13+deb12u1
2026-05-20 00:10:05 status unpacked grub-common:arm64 2.06-13+deb12u1
2026-05-20 00:10:05 status half-installed grub-common:arm64 2.06-13+deb12u1
2026-05-20 00:10:05 status unpacked grub-common:arm64 2.06-13+deb12u2
2026-05-20 00:10:05 upgrade grub-efi-arm64-signed:arm64 1+2.06+13+deb12u1 1+2.06+13+deb12u2
2026-05-20 00:10:05 status half-configured grub-efi-arm64-signed:arm64 1+2.06+13+deb12u1
2026-05-20 00:10:05 status unpacked grub-efi-arm64-signed:arm64 1+2.06+13+deb12u1
2026-05-20 00:10:05 status half-installed grub-efi-arm64-signed:arm64 1+2.06+13+deb12u1
2026-05-20 00:10:05 status unpacked grub-efi-arm64-signed:arm64 1+2.06+13+deb12u2
2026-05-20 00:10:05 upgrade libglib2.0-0:arm64 2.74.6-2+deb12u8 2.74.6-2+deb12u9
2026-05-20 00:10:05 status half-configured libglib2.0-0:arm64 2.74.6-2+deb12u8
2026-05-20 00:10:05 status unpacked libglib2.0-0:arm64 2.74.6-2+deb12u8
2026-05-20 00:10:05 status half-installed libglib2.0-0:arm64 2.74.6-2+deb12u8
2026-05-20 00:10:05 status unpacked libglib2.0-0:arm64 2.74.6-2+deb12u9
2026-05-20 00:10:05 upgrade gvfs-daemons:arm64 1.50.3-1 1.50.3-1+deb12u1
2026-05-20 00:10:05 status half-configured gvfs-daemons:arm64 1.50.3-1
2026-05-20 00:10:05 status unpacked gvfs-daemons:arm64 1.50.3-1
2026-05-20 00:10:05 status half-installed gvfs-daemons:arm64 1.50.3-1
2026-05-20 00:10:05 status unpacked gvfs-daemons:arm64 1.50.3-1+deb12u1
2026-05-20 00:10:05 upgrade gvfs:arm64 1.50.3-1 1.50.3-1+deb12u1
2026-05-20 00:10:05 status half-configured gvfs:arm64 1.50.3-1
2026-05-20 00:10:05 status unpacked gvfs:arm64 1.50.3-1
2026-05-20 00:10:05 status half-installed gvfs:arm64 1.50.3-1
2026-05-20 00:10:05 status unpacked gvfs:arm64 1.50.3-1+deb12u1
2026-05-20 00:10:05 upgrade gvfs-libs:arm64 1.50.3-1 1.50.3-1+deb12u1
2026-05-20 00:10:05 status half-configured gvfs-libs:arm64 1.50.3-1
2026-05-20 00:10:05 status unpacked gvfs-libs:arm64 1.50.3-1
2026-05-20 00:10:06 status half-installed gvfs-libs:arm64 1.50.3-1
2026-05-20 00:10:06 status unpacked gvfs-libs:arm64 1.50.3-1+deb12u1
2026-05-20 00:10:06 upgrade gvfs-common:all 1.50.3-1 1.50.3-1+deb12u1
2026-05-20 00:10:06 status half-configured gvfs-common:all 1.50.3-1
2026-05-20 00:10:06 status unpacked gvfs-common:all 1.50.3-1
2026-05-20 00:10:06 status half-installed gvfs-common:all 1.50.3-1
2026-05-20 00:10:06 status unpacked gvfs-common:all 1.50.3-1+deb12u1
2026-05-20 00:10:06 upgrade libavcodec59:arm64 7:5.1.8-0+deb12u1 7:5.1.9-0+deb12u1
2026-05-20 00:10:06 status half-configured libavcodec59:arm64 7:5.1.8-0+deb12u1
2026-05-20 00:10:06 status unpacked libavcodec59:arm64 7:5.1.8-0+deb12u1
2026-05-20 00:10:06 status half-installed libavcodec59:arm64 7:5.1.8-0+deb12u1
2026-05-20 00:10:06 status unpacked libavcodec59:arm64 7:5.1.9-0+deb12u1
2026-05-20 00:10:06 upgrade libavutil57:arm64 7:5.1.8-0+deb12u1 7:5.1.9-0+deb12u1
2026-05-20 00:10:06 status half-configured libavutil57:arm64 7:5.1.8-0+deb12u1
2026-05-20 00:10:06 status unpacked libavutil57:arm64 7:5.1.8-0+deb12u1
2026-05-20 00:10:06 status half-installed libavutil57:arm64 7:5.1.8-0+deb12u1
2026-05-20 00:10:06 status unpacked libavutil57:arm64 7:5.1.9-0+deb12u1
2026-05-20 00:10:06 upgrade libopenjp2-7:arm64 2.5.0-2+deb12u2 2.5.0-2+deb12u3
2026-05-20 00:10:06 status half-configured libopenjp2-7:arm64 2.5.0-2+deb12u2
2026-05-20 00:10:06 status unpacked libopenjp2-7:arm64 2.5.0-2+deb12u2
2026-05-20 00:10:06 status half-installed libopenjp2-7:arm64 2.5.0-2+deb12u2
2026-05-20 00:10:06 status unpacked libopenjp2-7:arm64 2.5.0-2+deb12u3
2026-05-20 00:10:06 upgrade libswresample4:arm64 7:5.1.8-0+deb12u1 7:5.1.9-0+deb12u1
2026-05-20 00:10:06 status half-configured libswresample4:arm64 7:5.1.8-0+deb12u1
2026-05-20 00:10:06 status unpacked libswresample4:arm64 7:5.1.8-0+deb12u1
2026-05-20 00:10:06 status half-installed libswresample4:arm64 7:5.1.8-0+deb12u1
2026-05-20 00:10:06 status unpacked libswresample4:arm64 7:5.1.9-0+deb12u1
2026-05-20 00:10:06 upgrade libpng-dev:arm64 1.6.39-2+deb12u4 1.6.39-2+deb12u5
2026-05-20 00:10:06 status half-configured libpng-dev:arm64 1.6.39-2+deb12u4
2026-05-20 00:10:06 status unpacked libpng-dev:arm64 1.6.39-2+deb12u4
2026-05-20 00:10:06 status half-installed libpng-dev:arm64 1.6.39-2+deb12u4
2026-05-20 00:10:06 status unpacked libpng-dev:arm64 1.6.39-2+deb12u5
2026-05-20 00:10:06 upgrade libpng-tools:arm64 1.6.39-2+deb12u4 1.6.39-2+deb12u5
2026-05-20 00:10:06 status half-configured libpng-tools:arm64 1.6.39-2+deb12u4
2026-05-20 00:10:06 status unpacked libpng-tools:arm64 1.6.39-2+deb12u4
2026-05-20 00:10:06 status half-installed libpng-tools:arm64 1.6.39-2+deb12u4
2026-05-20 00:10:06 status unpacked libpng-tools:arm64 1.6.39-2+deb12u5
2026-05-20 00:10:06 upgrade libpng16-16:arm64 1.6.39-2+deb12u4 1.6.39-2+deb12u5
2026-05-20 00:10:06 status half-configured libpng16-16:arm64 1.6.39-2+deb12u4
2026-05-20 00:10:06 status unpacked libpng16-16:arm64 1.6.39-2+deb12u4
2026-05-20 00:10:06 status half-installed libpng16-16:arm64 1.6.39-2+deb12u4
2026-05-20 00:10:06 status unpacked libpng16-16:arm64 1.6.39-2+deb12u5
2026-05-20 00:10:06 upgrade libzvbi0:arm64 0.2.41-1 0.2.41-1+deb12u1
2026-05-20 00:10:06 status half-configured libzvbi0:arm64 0.2.41-1
2026-05-20 00:10:06 status unpacked libzvbi0:arm64 0.2.41-1
2026-05-20 00:10:06 status half-installed libzvbi0:arm64 0.2.41-1
2026-05-20 00:10:06 status unpacked libzvbi0:arm64 0.2.41-1+deb12u1
2026-05-20 00:10:06 upgrade libzvbi-common:all 0.2.41-1 0.2.41-1+deb12u1
2026-05-20 00:10:06 status half-configured libzvbi-common:all 0.2.41-1
2026-05-20 00:10:06 status unpacked libzvbi-common:all 0.2.41-1
2026-05-20 00:10:06 status half-installed libzvbi-common:all 0.2.41-1
2026-05-20 00:10:06 status unpacked libzvbi-common:all 0.2.41-1+deb12u1
2026-05-20 00:10:06 upgrade libcap2-bin:arm64 1:2.66-4+deb12u2+b2 1:2.66-4+deb12u3+b1
2026-05-20 00:10:06 status half-configured libcap2-bin:arm64 1:2.66-4+deb12u2+b2
2026-05-20 00:10:06 status unpacked libcap2-bin:arm64 1:2.66-4+deb12u2+b2
2026-05-20 00:10:06 status half-installed libcap2-bin:arm64 1:2.66-4+deb12u2+b2
2026-05-20 00:10:06 status unpacked libcap2-bin:arm64 1:2.66-4+deb12u3+b1
2026-05-20 00:10:06 upgrade libexif12:arm64 0.6.24-1+b1 0.6.24-1+deb12u1
2026-05-20 00:10:06 status half-configured libexif12:arm64 0.6.24-1+b1
2026-05-20 00:10:06 status unpacked libexif12:arm64 0.6.24-1+b1
2026-05-20 00:10:06 status half-installed libexif12:arm64 0.6.24-1+b1
2026-05-20 00:10:06 status unpacked libexif12:arm64 0.6.24-1+deb12u1
2026-05-20 00:10:06 upgrade libgdk-pixbuf2.0-common:all 2.42.10+dfsg-1+deb12u3 2.42.10+dfsg-1+deb12u4
2026-05-20 00:10:06 status half-configured libgdk-pixbuf2.0-common:all 2.42.10+dfsg-1+deb12u3
2026-05-20 00:10:06 status unpacked libgdk-pixbuf2.0-common:all 2.42.10+dfsg-1+deb12u3
2026-05-20 00:10:06 status half-installed libgdk-pixbuf2.0-common:all 2.42.10+dfsg-1+deb12u3
2026-05-20 00:10:06 status unpacked libgdk-pixbuf2.0-common:all 2.42.10+dfsg-1+deb12u4
2026-05-20 00:10:06 upgrade libtiff6:arm64 4.5.0-6+deb12u3 4.5.0-6+deb12u4
2026-05-20 00:10:06 status half-configured libtiff6:arm64 4.5.0-6+deb12u3
2026-05-20 00:10:06 status unpacked libtiff6:arm64 4.5.0-6+deb12u3
2026-05-20 00:10:06 status half-installed libtiff6:arm64 4.5.0-6+deb12u3
2026-05-20 00:10:06 status unpacked libtiff6:arm64 4.5.0-6+deb12u4
2026-05-20 00:10:06 upgrade libgdk-pixbuf-2.0-0:arm64 2.42.10+dfsg-1+deb12u3 2.42.10+dfsg-1+deb12u4
2026-05-20 00:10:06 status half-configured libgdk-pixbuf-2.0-0:arm64 2.42.10+dfsg-1+deb12u3
2026-05-20 00:10:06 status unpacked libgdk-pixbuf-2.0-0:arm64 2.42.10+dfsg-1+deb12u3
2026-05-20 00:10:06 status half-installed libgdk-pixbuf-2.0-0:arm64 2.42.10+dfsg-1+deb12u3
2026-05-20 00:10:06 status unpacked libgdk-pixbuf-2.0-0:arm64 2.42.10+dfsg-1+deb12u4
2026-05-20 00:10:06 upgrade libgdk-pixbuf2.0-bin:arm64 2.42.10+dfsg-1+deb12u3 2.42.10+dfsg-1+deb12u4
2026-05-20 00:10:06 status half-configured libgdk-pixbuf2.0-bin:arm64 2.42.10+dfsg-1+deb12u3
2026-05-20 00:10:06 status unpacked libgdk-pixbuf2.0-bin:arm64 2.42.10+dfsg-1+deb12u3
2026-05-20 00:10:06 status half-installed libgdk-pixbuf2.0-bin:arm64 2.42.10+dfsg-1+deb12u3
2026-05-20 00:10:06 status unpacked libgdk-pixbuf2.0-bin:arm64 2.42.10+dfsg-1+deb12u4
2026-05-20 00:10:06 upgrade libglib2.0-data:all 2.74.6-2+deb12u8 2.74.6-2+deb12u9
2026-05-20 00:10:06 status half-configured libglib2.0-data:all 2.74.6-2+deb12u8
2026-05-20 00:10:06 status unpacked libglib2.0-data:all 2.74.6-2+deb12u8
2026-05-20 00:10:06 status half-installed libglib2.0-data:all 2.74.6-2+deb12u8
2026-05-20 00:10:06 status unpacked libglib2.0-data:all 2.74.6-2+deb12u9
2026-05-20 00:10:06 upgrade liblcms2-2:arm64 2.14-2 2.14-2+deb12u1
2026-05-20 00:10:06 status half-configured liblcms2-2:arm64 2.14-2
2026-05-20 00:10:06 status unpacked liblcms2-2:arm64 2.14-2
2026-05-20 00:10:06 status half-installed liblcms2-2:arm64 2.14-2
2026-05-20 00:10:06 status unpacked liblcms2-2:arm64 2.14-2+deb12u1
2026-05-20 00:10:06 upgrade libnghttp2-14:arm64 1.52.0-1+deb12u2 1.52.0-1+deb12u3
2026-05-20 00:10:06 status half-configured libnghttp2-14:arm64 1.52.0-1+deb12u2
2026-05-20 00:10:06 status unpacked libnghttp2-14:arm64 1.52.0-1+deb12u2
2026-05-20 00:10:06 status half-installed libnghttp2-14:arm64 1.52.0-1+deb12u2
2026-05-20 00:10:06 status unpacked libnghttp2-14:arm64 1.52.0-1+deb12u3
2026-05-20 00:10:06 upgrade ntfs-3g:arm64 1:2022.10.3-1+deb12u2 1:2022.10.3-1+deb12u3
2026-05-20 00:10:06 status half-configured ntfs-3g:arm64 1:2022.10.3-1+deb12u2
2026-05-20 00:10:06 status unpacked ntfs-3g:arm64 1:2022.10.3-1+deb12u2
2026-05-20 00:10:06 status half-installed ntfs-3g:arm64 1:2022.10.3-1+deb12u2
2026-05-20 00:10:06 status unpacked ntfs-3g:arm64 1:2022.10.3-1+deb12u3
2026-05-20 00:10:06 upgrade libntfs-3g89:arm64 1:2022.10.3-1+deb12u2 1:2022.10.3-1+deb12u3
2026-05-20 00:10:06 status half-configured libntfs-3g89:arm64 1:2022.10.3-1+deb12u2
2026-05-20 00:10:06 status unpacked libntfs-3g89:arm64 1:2022.10.3-1+deb12u2
2026-05-20 00:10:06 status half-installed libntfs-3g89:arm64 1:2022.10.3-1+deb12u2
2026-05-20 00:10:06 status unpacked libntfs-3g89:arm64 1:2022.10.3-1+deb12u3
2026-05-20 00:10:06 upgrade libtag1v5:arm64 1.13-2 1.13-2+deb12u1
2026-05-20 00:10:06 status half-configured libtag1v5:arm64 1.13-2
2026-05-20 00:10:06 status unpacked libtag1v5:arm64 1.13-2
2026-05-20 00:10:06 status half-installed libtag1v5:arm64 1.13-2
2026-05-20 00:10:06 status unpacked libtag1v5:arm64 1.13-2+deb12u1
2026-05-20 00:10:06 upgrade libtag1v5-vanilla:arm64 1.13-2 1.13-2+deb12u1
2026-05-20 00:10:06 status half-configured libtag1v5-vanilla:arm64 1.13-2
2026-05-20 00:10:06 status unpacked libtag1v5-vanilla:arm64 1.13-2
2026-05-20 00:10:06 status half-installed libtag1v5-vanilla:arm64 1.13-2
2026-05-20 00:10:06 status unpacked libtag1v5-vanilla:arm64 1.13-2+deb12u1
2026-05-20 00:10:06 upgrade libtagc0:arm64 1.13-2 1.13-2+deb12u1
2026-05-20 00:10:06 status half-configured libtagc0:arm64 1.13-2
2026-05-20 00:10:06 status unpacked libtagc0:arm64 1.13-2
2026-05-20 00:10:06 status half-installed libtagc0:arm64 1.13-2
2026-05-20 00:10:06 status unpacked libtagc0:arm64 1.13-2+deb12u1
2026-05-20 00:10:06 upgrade libxslt1-dev:arm64 1.1.35-1+deb12u3 1.1.35-1+deb12u4
2026-05-20 00:10:06 status half-configured libxslt1-dev:arm64 1.1.35-1+deb12u3
2026-05-20 00:10:06 status unpacked libxslt1-dev:arm64 1.1.35-1+deb12u3
2026-05-20 00:10:06 status half-installed libxslt1-dev:arm64 1.1.35-1+deb12u3
2026-05-20 00:10:06 status unpacked libxslt1-dev:arm64 1.1.35-1+deb12u4
2026-05-20 00:10:06 upgrade libxslt1.1:arm64 1.1.35-1+deb12u3 1.1.35-1+deb12u4
2026-05-20 00:10:06 status half-configured libxslt1.1:arm64 1.1.35-1+deb12u3
2026-05-20 00:10:06 status unpacked libxslt1.1:arm64 1.1.35-1+deb12u3
2026-05-20 00:10:06 status half-installed libxslt1.1:arm64 1.1.35-1+deb12u3
2026-05-20 00:10:07 status unpacked libxslt1.1:arm64 1.1.35-1+deb12u4
2026-05-20 00:10:07 install linux-image-6.1.0-48-arm64:arm64 <none> 6.1.172-1
2026-05-20 00:10:07 status half-installed linux-image-6.1.0-48-arm64:arm64 6.1.172-1
2026-05-20 00:10:09 status unpacked linux-image-6.1.0-48-arm64:arm64 6.1.172-1
2026-05-20 00:10:09 upgrade linux-image-arm64:arm64 6.1.164-1 6.1.172-1
2026-05-20 00:10:09 status half-configured linux-image-arm64:arm64 6.1.164-1
2026-05-20 00:10:09 status unpacked linux-image-arm64:arm64 6.1.164-1
2026-05-20 00:10:09 status half-installed linux-image-arm64:arm64 6.1.164-1
2026-05-20 00:10:09 status unpacked linux-image-arm64:arm64 6.1.172-1
2026-05-20 00:10:09 upgrade openssl:arm64 3.0.18-1~deb12u2 3.0.20-1~deb12u1
2026-05-20 00:10:09 status half-configured openssl:arm64 3.0.18-1~deb12u2
2026-05-20 00:10:09 status unpacked openssl:arm64 3.0.18-1~deb12u2
2026-05-20 00:10:09 status half-installed openssl:arm64 3.0.18-1~deb12u2
2026-05-20 00:10:09 status unpacked openssl:arm64 3.0.20-1~deb12u1
2026-05-20 00:10:09 upgrade p7zip-full:arm64 16.02+dfsg-8 16.02+really25.01+dfsg-0+deb12u1
2026-05-20 00:10:09 status half-configured p7zip-full:arm64 16.02+dfsg-8
2026-05-20 00:10:09 status unpacked p7zip-full:arm64 16.02+dfsg-8
2026-05-20 00:10:09 status half-installed p7zip-full:arm64 16.02+dfsg-8
2026-05-20 00:10:09 status unpacked p7zip-full:arm64 16.02+really25.01+dfsg-0+deb12u1
2026-05-20 00:10:09 upgrade p7zip:arm64 16.02+dfsg-8 16.02+really25.01+dfsg-0+deb12u1
2026-05-20 00:10:09 status half-configured p7zip:arm64 16.02+dfsg-8
2026-05-20 00:10:09 status unpacked p7zip:arm64 16.02+dfsg-8
2026-05-20 00:10:09 status half-installed p7zip:arm64 16.02+dfsg-8
2026-05-20 00:10:09 status unpacked p7zip:arm64 16.02+really25.01+dfsg-0+deb12u1
2026-05-20 00:10:09 startup packages configure
2026-05-20 00:10:09 configure liblcms2-2:arm64 2.14-2+deb12u1 <none>
2026-05-20 00:10:09 status unpacked liblcms2-2:arm64 2.14-2+deb12u1
2026-05-20 00:10:09 status half-configured liblcms2-2:arm64 2.14-2+deb12u1
2026-05-20 00:10:09 status installed liblcms2-2:arm64 2.14-2+deb12u1
2026-05-20 00:10:09 configure libgnutls-dane0:arm64 3.7.9-2+deb12u7 <none>
2026-05-20 00:10:09 status unpacked libgnutls-dane0:arm64 3.7.9-2+deb12u7
2026-05-20 00:10:09 status half-configured libgnutls-dane0:arm64 3.7.9-2+deb12u7
2026-05-20 00:10:09 status installed libgnutls-dane0:arm64 3.7.9-2+deb12u7
2026-05-20 00:10:09 configure systemd-sysv:arm64 252.39-1~deb12u2 <none>
2026-05-20 00:10:09 status unpacked systemd-sysv:arm64 252.39-1~deb12u2
2026-05-20 00:10:09 status half-configured systemd-sysv:arm64 252.39-1~deb12u2
2026-05-20 00:10:09 status installed systemd-sysv:arm64 252.39-1~deb12u2
2026-05-20 00:10:09 configure libc-l10n:all 2.36-9+deb12u14 <none>
2026-05-20 00:10:09 status unpacked libc-l10n:all 2.36-9+deb12u14
2026-05-20 00:10:09 status half-configured libc-l10n:all 2.36-9+deb12u14
2026-05-20 00:10:09 status installed libc-l10n:all 2.36-9+deb12u14
2026-05-20 00:10:09 configure libtag1v5-vanilla:arm64 1.13-2+deb12u1 <none>
2026-05-20 00:10:09 status unpacked libtag1v5-vanilla:arm64 1.13-2+deb12u1
2026-05-20 00:10:09 status half-configured libtag1v5-vanilla:arm64 1.13-2+deb12u1
2026-05-20 00:10:09 status installed libtag1v5-vanilla:arm64 1.13-2+deb12u1
2026-05-20 00:10:09 configure libgnutls-openssl27:arm64 3.7.9-2+deb12u7 <none>
2026-05-20 00:10:09 status unpacked libgnutls-openssl27:arm64 3.7.9-2+deb12u7
2026-05-20 00:10:09 status half-configured libgnutls-openssl27:arm64 3.7.9-2+deb12u7
2026-05-20 00:10:09 status installed libgnutls-openssl27:arm64 3.7.9-2+deb12u7
2026-05-20 00:10:09 configure libglib2.0-0:arm64 2.74.6-2+deb12u9 <none>
2026-05-20 00:10:09 status unpacked libglib2.0-0:arm64 2.74.6-2+deb12u9
2026-05-20 00:10:09 status half-configured libglib2.0-0:arm64 2.74.6-2+deb12u9
2026-05-20 00:10:09 status installed libglib2.0-0:arm64 2.74.6-2+deb12u9
2026-05-20 00:10:09 configure distro-info-data:all 0.58+deb12u7 <none>
2026-05-20 00:10:09 status unpacked distro-info-data:all 0.58+deb12u7
2026-05-20 00:10:09 status half-configured distro-info-data:all 0.58+deb12u7
2026-05-20 00:10:09 status installed distro-info-data:all 0.58+deb12u7
2026-05-20 00:10:09 configure openssh-client:arm64 1:9.2p1-2+deb12u10 <none>
2026-05-20 00:10:09 status unpacked openssh-client:arm64 1:9.2p1-2+deb12u10
2026-05-20 00:10:09 status half-configured openssh-client:arm64 1:9.2p1-2+deb12u10
2026-05-20 00:10:09 status installed openssh-client:arm64 1:9.2p1-2+deb12u10
2026-05-20 00:10:09 configure libgdk-pixbuf2.0-common:all 2.42.10+dfsg-1+deb12u4 <none>
2026-05-20 00:10:09 status unpacked libgdk-pixbuf2.0-common:all 2.42.10+dfsg-1+deb12u4
2026-05-20 00:10:09 status half-configured libgdk-pixbuf2.0-common:all 2.42.10+dfsg-1+deb12u4
2026-05-20 00:10:09 status installed libgdk-pixbuf2.0-common:all 2.42.10+dfsg-1+deb12u4
2026-05-20 00:10:09 configure libnghttp2-14:arm64 1.52.0-1+deb12u3 <none>
2026-05-20 00:10:09 status unpacked libnghttp2-14:arm64 1.52.0-1+deb12u3
2026-05-20 00:10:09 status half-configured libnghttp2-14:arm64 1.52.0-1+deb12u3
2026-05-20 00:10:09 status installed libnghttp2-14:arm64 1.52.0-1+deb12u3
2026-05-20 00:10:09 configure inetutils-telnet:arm64 2:2.4-2+deb12u3 <none>
2026-05-20 00:10:09 status unpacked inetutils-telnet:arm64 2:2.4-2+deb12u3
2026-05-20 00:10:09 status half-configured inetutils-telnet:arm64 2:2.4-2+deb12u3
2026-05-20 00:10:09 status installed inetutils-telnet:arm64 2:2.4-2+deb12u3
2026-05-20 00:10:09 configure linux-libc-dev:arm64 6.1.172-1 <none>
2026-05-20 00:10:09 status unpacked linux-libc-dev:arm64 6.1.172-1
2026-05-20 00:10:09 status half-configured linux-libc-dev:arm64 6.1.172-1
2026-05-20 00:10:09 status installed linux-libc-dev:arm64 6.1.172-1
2026-05-20 00:10:09 configure libnss-systemd:arm64 252.39-1~deb12u2 <none>
2026-05-20 00:10:09 status unpacked libnss-systemd:arm64 252.39-1~deb12u2
2026-05-20 00:10:09 status half-configured libnss-systemd:arm64 252.39-1~deb12u2
2026-05-20 00:10:09 status installed libnss-systemd:arm64 252.39-1~deb12u2
2026-05-20 00:10:09 configure libntfs-3g89:arm64 1:2022.10.3-1+deb12u3 <none>
2026-05-20 00:10:09 status unpacked libntfs-3g89:arm64 1:2022.10.3-1+deb12u3
2026-05-20 00:10:09 status half-configured libntfs-3g89:arm64 1:2022.10.3-1+deb12u3
2026-05-20 00:10:09 status installed libntfs-3g89:arm64 1:2022.10.3-1+deb12u3
2026-05-20 00:10:09 configure locales:all 2.36-9+deb12u14 <none>
2026-05-20 00:10:09 status unpacked locales:all 2.36-9+deb12u14
2026-05-20 00:10:09 status half-configured locales:all 2.36-9+deb12u14
2026-05-20 00:10:10 status installed locales:all 2.36-9+deb12u14
2026-05-20 00:10:10 configure ntfs-3g:arm64 1:2022.10.3-1+deb12u3 <none>
2026-05-20 00:10:10 status unpacked ntfs-3g:arm64 1:2022.10.3-1+deb12u3
2026-05-20 00:10:10 status half-configured ntfs-3g:arm64 1:2022.10.3-1+deb12u3
2026-05-20 00:10:10 status installed ntfs-3g:arm64 1:2022.10.3-1+deb12u3
2026-05-20 00:10:10 configure tzdata:all 2026b-0+deb12u1 <none>
2026-05-20 00:10:10 status unpacked tzdata:all 2026b-0+deb12u1
2026-05-20 00:10:10 status half-configured tzdata:all 2026b-0+deb12u1
2026-05-20 00:10:10 status installed tzdata:all 2026b-0+deb12u1
2026-05-20 00:10:10 configure libcap2-bin:arm64 1:2.66-4+deb12u3+b1 <none>
2026-05-20 00:10:10 status unpacked libcap2-bin:arm64 1:2.66-4+deb12u3+b1
2026-05-20 00:10:10 status half-configured libcap2-bin:arm64 1:2.66-4+deb12u3+b1
2026-05-20 00:10:10 status installed libcap2-bin:arm64 1:2.66-4+deb12u3+b1
2026-05-20 00:10:10 configure grub-common:arm64 2.06-13+deb12u2 <none>
2026-05-20 00:10:10 status unpacked grub-common:arm64 2.06-13+deb12u2
2026-05-20 00:10:10 status half-configured grub-common:arm64 2.06-13+deb12u2
2026-05-20 00:10:10 status installed grub-common:arm64 2.06-13+deb12u2
2026-05-20 00:10:10 configure busybox:arm64 1:1.35.0-4+deb12u1+b1 <none>
2026-05-20 00:10:10 status unpacked busybox:arm64 1:1.35.0-4+deb12u1+b1
2026-05-20 00:10:10 status half-configured busybox:arm64 1:1.35.0-4+deb12u1+b1
2026-05-20 00:10:10 status installed busybox:arm64 1:1.35.0-4+deb12u1+b1
2026-05-20 00:10:10 configure libavutil57:arm64 7:5.1.9-0+deb12u1 <none>
2026-05-20 00:10:10 status unpacked libavutil57:arm64 7:5.1.9-0+deb12u1
2026-05-20 00:10:10 status half-configured libavutil57:arm64 7:5.1.9-0+deb12u1
2026-05-20 00:10:10 status installed libavutil57:arm64 7:5.1.9-0+deb12u1
2026-05-20 00:10:10 configure docker-buildx-plugin:arm64 0.34.0-1~debian.12~bookworm <none>
2026-05-20 00:10:10 status unpacked docker-buildx-plugin:arm64 0.34.0-1~debian.12~bookworm
2026-05-20 00:10:10 status half-configured docker-buildx-plugin:arm64 0.34.0-1~debian.12~bookworm
2026-05-20 00:10:10 status installed docker-buildx-plugin:arm64 0.34.0-1~debian.12~bookworm
2026-05-20 00:10:10 configure libglib2.0-data:all 2.74.6-2+deb12u9 <none>
2026-05-20 00:10:10 status unpacked libglib2.0-data:all 2.74.6-2+deb12u9
2026-05-20 00:10:10 status half-configured libglib2.0-data:all 2.74.6-2+deb12u9
2026-05-20 00:10:10 status installed libglib2.0-data:all 2.74.6-2+deb12u9
2026-05-20 00:10:10 configure libswresample4:arm64 7:5.1.9-0+deb12u1 <none>
2026-05-20 00:10:10 status unpacked libswresample4:arm64 7:5.1.9-0+deb12u1
2026-05-20 00:10:10 status half-configured libswresample4:arm64 7:5.1.9-0+deb12u1
2026-05-20 00:10:10 status installed libswresample4:arm64 7:5.1.9-0+deb12u1
2026-05-20 00:10:10 configure libgnutlsxx30:arm64 3.7.9-2+deb12u7 <none>
2026-05-20 00:10:10 status unpacked libgnutlsxx30:arm64 3.7.9-2+deb12u7
2026-05-20 00:10:10 status half-configured libgnutlsxx30:arm64 3.7.9-2+deb12u7
2026-05-20 00:10:10 status installed libgnutlsxx30:arm64 3.7.9-2+deb12u7
2026-05-20 00:10:10 configure libexif12:arm64 0.6.24-1+deb12u1 <none>
2026-05-20 00:10:10 status unpacked libexif12:arm64 0.6.24-1+deb12u1
2026-05-20 00:10:10 status half-configured libexif12:arm64 0.6.24-1+deb12u1
2026-05-20 00:10:10 status installed libexif12:arm64 0.6.24-1+deb12u1
2026-05-20 00:10:10 configure libssl-dev:arm64 3.0.20-1~deb12u1 <none>
2026-05-20 00:10:10 status unpacked libssl-dev:arm64 3.0.20-1~deb12u1
2026-05-20 00:10:10 status half-configured libssl-dev:arm64 3.0.20-1~deb12u1
2026-05-20 00:10:10 status installed libssl-dev:arm64 3.0.20-1~deb12u1
2026-05-20 00:10:10 configure libpng16-16:arm64 1.6.39-2+deb12u5 <none>
2026-05-20 00:10:10 status unpacked libpng16-16:arm64 1.6.39-2+deb12u5
2026-05-20 00:10:10 status half-configured libpng16-16:arm64 1.6.39-2+deb12u5
2026-05-20 00:10:10 status installed libpng16-16:arm64 1.6.39-2+deb12u5
2026-05-20 00:10:10 configure systemd-timesyncd:arm64 252.39-1~deb12u2 <none>
2026-05-20 00:10:10 status unpacked systemd-timesyncd:arm64 252.39-1~deb12u2
2026-05-20 00:10:10 status half-configured systemd-timesyncd:arm64 252.39-1~deb12u2
2026-05-20 00:10:10 status installed systemd-timesyncd:arm64 252.39-1~deb12u2
2026-05-20 00:10:10 configure udev:arm64 252.39-1~deb12u2 <none>
2026-05-20 00:10:10 status unpacked udev:arm64 252.39-1~deb12u2
2026-05-20 00:10:10 status half-configured udev:arm64 252.39-1~deb12u2
2026-05-20 00:10:11 status installed udev:arm64 252.39-1~deb12u2
2026-05-20 00:10:11 configure containerd.io:arm64 2.2.3-1~debian.12~bookworm <none>
2026-05-20 00:10:11 status unpacked containerd.io:arm64 2.2.3-1~debian.12~bookworm
2026-05-20 00:10:11 status half-configured containerd.io:arm64 2.2.3-1~debian.12~bookworm
2026-05-20 00:10:11 status installed containerd.io:arm64 2.2.3-1~debian.12~bookworm
2026-05-20 00:10:11 configure sudo:arm64 1.9.13p3-1+deb12u4 <none>
2026-05-20 00:10:11 status unpacked sudo:arm64 1.9.13p3-1+deb12u4
2026-05-20 00:10:11 status half-configured sudo:arm64 1.9.13p3-1+deb12u4
2026-05-20 00:10:11 status installed sudo:arm64 1.9.13p3-1+deb12u4
2026-05-20 00:10:11 configure docker-compose-plugin:arm64 5.1.3-1~debian.12~bookworm <none>
2026-05-20 00:10:11 status unpacked docker-compose-plugin:arm64 5.1.3-1~debian.12~bookworm
2026-05-20 00:10:11 status half-configured docker-compose-plugin:arm64 5.1.3-1~debian.12~bookworm
2026-05-20 00:10:11 status installed docker-compose-plugin:arm64 5.1.3-1~debian.12~bookworm
2026-05-20 00:10:11 configure grub-efi-arm64-bin:arm64 2.06-13+deb12u2 <none>
2026-05-20 00:10:11 status unpacked grub-efi-arm64-bin:arm64 2.06-13+deb12u2
2026-05-20 00:10:11 status half-configured grub-efi-arm64-bin:arm64 2.06-13+deb12u2
2026-05-20 00:10:11 status installed grub-efi-arm64-bin:arm64 2.06-13+deb12u2
2026-05-20 00:10:11 configure libdpkg-perl:all 1.21.23 <none>
2026-05-20 00:10:11 status unpacked libdpkg-perl:all 1.21.23
2026-05-20 00:10:11 status half-configured libdpkg-perl:all 1.21.23
2026-05-20 00:10:11 status installed libdpkg-perl:all 1.21.23
2026-05-20 00:10:11 configure docker-ce-cli:arm64 5:29.5.1-1~debian.12~bookworm <none>
2026-05-20 00:10:11 status unpacked docker-ce-cli:arm64 5:29.5.1-1~debian.12~bookworm
2026-05-20 00:10:11 status half-configured docker-ce-cli:arm64 5:29.5.1-1~debian.12~bookworm
2026-05-20 00:10:11 status installed docker-ce-cli:arm64 5:29.5.1-1~debian.12~bookworm
2026-05-20 00:10:11 configure libtag1v5:arm64 1.13-2+deb12u1 <none>
2026-05-20 00:10:11 status unpacked libtag1v5:arm64 1.13-2+deb12u1
2026-05-20 00:10:11 status half-configured libtag1v5:arm64 1.13-2+deb12u1
2026-05-20 00:10:11 status installed libtag1v5:arm64 1.13-2+deb12u1
2026-05-20 00:10:11 configure libtiff6:arm64 4.5.0-6+deb12u4 <none>
2026-05-20 00:10:11 status unpacked libtiff6:arm64 4.5.0-6+deb12u4
2026-05-20 00:10:11 status half-configured libtiff6:arm64 4.5.0-6+deb12u4
2026-05-20 00:10:11 status installed libtiff6:arm64 4.5.0-6+deb12u4
2026-05-20 00:10:11 configure libxslt1.1:arm64 1.1.35-1+deb12u4 <none>
2026-05-20 00:10:11 status unpacked libxslt1.1:arm64 1.1.35-1+deb12u4
2026-05-20 00:10:11 status half-configured libxslt1.1:arm64 1.1.35-1+deb12u4
2026-05-20 00:10:11 status installed libxslt1.1:arm64 1.1.35-1+deb12u4
2026-05-20 00:10:11 configure libpam-systemd:arm64 252.39-1~deb12u2 <none>
2026-05-20 00:10:11 status unpacked libpam-systemd:arm64 252.39-1~deb12u2
2026-05-20 00:10:11 status half-configured libpam-systemd:arm64 252.39-1~deb12u2
2026-05-20 00:10:11 status installed libpam-systemd:arm64 252.39-1~deb12u2
2026-05-20 00:10:11 configure libopenjp2-7:arm64 2.5.0-2+deb12u3 <none>
2026-05-20 00:10:11 status unpacked libopenjp2-7:arm64 2.5.0-2+deb12u3
2026-05-20 00:10:11 status half-configured libopenjp2-7:arm64 2.5.0-2+deb12u3
2026-05-20 00:10:11 status installed libopenjp2-7:arm64 2.5.0-2+deb12u3
2026-05-20 00:10:11 configure libgdk-pixbuf-2.0-0:arm64 2.42.10+dfsg-1+deb12u4 <none>
2026-05-20 00:10:11 status unpacked libgdk-pixbuf-2.0-0:arm64 2.42.10+dfsg-1+deb12u4
2026-05-20 00:10:11 status half-configured libgdk-pixbuf-2.0-0:arm64 2.42.10+dfsg-1+deb12u4
2026-05-20 00:10:11 status installed libgdk-pixbuf-2.0-0:arm64 2.42.10+dfsg-1+deb12u4
2026-05-20 00:10:11 configure libpython3.11-minimal:arm64 3.11.2-6+deb12u7 <none>
2026-05-20 00:10:11 status unpacked libpython3.11-minimal:arm64 3.11.2-6+deb12u7
2026-05-20 00:10:11 status half-configured libpython3.11-minimal:arm64 3.11.2-6+deb12u7
2026-05-20 00:10:11 status installed libpython3.11-minimal:arm64 3.11.2-6+deb12u7
2026-05-20 00:10:11 configure docker-ce-rootless-extras:arm64 5:29.5.1-1~debian.12~bookworm <none>
2026-05-20 00:10:11 status unpacked docker-ce-rootless-extras:arm64 5:29.5.1-1~debian.12~bookworm
2026-05-20 00:10:11 status half-configured docker-ce-rootless-extras:arm64 5:29.5.1-1~debian.12~bookworm
2026-05-20 00:10:11 status installed docker-ce-rootless-extras:arm64 5:29.5.1-1~debian.12~bookworm
2026-05-20 00:10:11 configure xserver-common:all 2:21.1.7-3+deb12u12 <none>
2026-05-20 00:10:11 status unpacked xserver-common:all 2:21.1.7-3+deb12u12
2026-05-20 00:10:11 status half-configured xserver-common:all 2:21.1.7-3+deb12u12
2026-05-20 00:10:11 status installed xserver-common:all 2:21.1.7-3+deb12u12
2026-05-20 00:10:11 configure libc-dev-bin:arm64 2.36-9+deb12u14 <none>
2026-05-20 00:10:11 status unpacked libc-dev-bin:arm64 2.36-9+deb12u14
2026-05-20 00:10:11 status half-configured libc-dev-bin:arm64 2.36-9+deb12u14
2026-05-20 00:10:11 status installed libc-dev-bin:arm64 2.36-9+deb12u14
2026-05-20 00:10:11 configure openssl:arm64 3.0.20-1~deb12u1 <none>
2026-05-20 00:10:11 status unpacked openssl:arm64 3.0.20-1~deb12u1
2026-05-20 00:10:11 status half-configured openssl:arm64 3.0.20-1~deb12u1
2026-05-20 00:10:11 status installed openssl:arm64 3.0.20-1~deb12u1
2026-05-20 00:10:11 configure gvfs-common:all 1.50.3-1+deb12u1 <none>
2026-05-20 00:10:11 status unpacked gvfs-common:all 1.50.3-1+deb12u1
2026-05-20 00:10:11 status half-configured gvfs-common:all 1.50.3-1+deb12u1
2026-05-20 00:10:11 status installed gvfs-common:all 1.50.3-1+deb12u1
2026-05-20 00:10:11 configure xserver-xorg-legacy:arm64 2:21.1.7-3+deb12u12 <none>
2026-05-20 00:10:11 status unpacked xserver-xorg-legacy:arm64 2:21.1.7-3+deb12u12
2026-05-20 00:10:11 status half-configured xserver-xorg-legacy:arm64 2:21.1.7-3+deb12u12
2026-05-20 00:10:11 status installed xserver-xorg-legacy:arm64 2:21.1.7-3+deb12u12
2026-05-20 00:10:11 configure libzvbi-common:all 0.2.41-1+deb12u1 <none>
2026-05-20 00:10:11 status unpacked libzvbi-common:all 0.2.41-1+deb12u1
2026-05-20 00:10:11 status half-configured libzvbi-common:all 0.2.41-1+deb12u1
2026-05-20 00:10:11 status installed libzvbi-common:all 0.2.41-1+deb12u1
2026-05-20 00:10:11 configure p7zip:arm64 16.02+really25.01+dfsg-0+deb12u1 <none>
2026-05-20 00:10:11 status unpacked p7zip:arm64 16.02+really25.01+dfsg-0+deb12u1
2026-05-20 00:10:11 status half-configured p7zip:arm64 16.02+really25.01+dfsg-0+deb12u1
2026-05-20 00:10:11 status installed p7zip:arm64 16.02+really25.01+dfsg-0+deb12u1
2026-05-20 00:10:11 configure libc-devtools:arm64 2.36-9+deb12u14 <none>
2026-05-20 00:10:11 status unpacked libc-devtools:arm64 2.36-9+deb12u14
2026-05-20 00:10:11 status half-configured libc-devtools:arm64 2.36-9+deb12u14
2026-05-20 00:10:11 status installed libc-devtools:arm64 2.36-9+deb12u14
2026-05-20 00:10:11 configure linux-image-6.1.0-48-arm64:arm64 6.1.172-1 <none>
2026-05-20 00:10:11 status unpacked linux-image-6.1.0-48-arm64:arm64 6.1.172-1
2026-05-20 00:10:11 status half-configured linux-image-6.1.0-48-arm64:arm64 6.1.172-1
2026-05-20 00:10:24 status installed linux-image-6.1.0-48-arm64:arm64 6.1.172-1
2026-05-20 00:10:24 configure python3.11-minimal:arm64 3.11.2-6+deb12u7 <none>
2026-05-20 00:10:24 status unpacked python3.11-minimal:arm64 3.11.2-6+deb12u7
2026-05-20 00:10:24 status half-configured python3.11-minimal:arm64 3.11.2-6+deb12u7
2026-05-20 00:10:24 status installed python3.11-minimal:arm64 3.11.2-6+deb12u7
2026-05-20 00:10:24 configure libzvbi0:arm64 0.2.41-1+deb12u1 <none>
2026-05-20 00:10:24 status unpacked libzvbi0:arm64 0.2.41-1+deb12u1
2026-05-20 00:10:24 status half-configured libzvbi0:arm64 0.2.41-1+deb12u1
2026-05-20 00:10:24 status installed libzvbi0:arm64 0.2.41-1+deb12u1
2026-05-20 00:10:24 configure openssh-sftp-server:arm64 1:9.2p1-2+deb12u10 <none>
2026-05-20 00:10:24 status unpacked openssh-sftp-server:arm64 1:9.2p1-2+deb12u10
2026-05-20 00:10:24 status half-configured openssh-sftp-server:arm64 1:9.2p1-2+deb12u10
2026-05-20 00:10:24 status installed openssh-sftp-server:arm64 1:9.2p1-2+deb12u10
2026-05-20 00:10:24 configure grub-efi-arm64-signed:arm64 1+2.06+13+deb12u2 <none>
2026-05-20 00:10:24 status unpacked grub-efi-arm64-signed:arm64 1+2.06+13+deb12u2
2026-05-20 00:10:24 status half-configured grub-efi-arm64-signed:arm64 1+2.06+13+deb12u2
2026-05-20 00:10:24 status installed grub-efi-arm64-signed:arm64 1+2.06+13+deb12u2
2026-05-20 00:10:24 configure linux-image-arm64:arm64 6.1.172-1 <none>
2026-05-20 00:10:24 status unpacked linux-image-arm64:arm64 6.1.172-1
2026-05-20 00:10:24 status half-configured linux-image-arm64:arm64 6.1.172-1
2026-05-20 00:10:24 status installed linux-image-arm64:arm64 6.1.172-1
2026-05-20 00:10:24 configure libxslt1-dev:arm64 1.1.35-1+deb12u4 <none>
2026-05-20 00:10:24 status unpacked libxslt1-dev:arm64 1.1.35-1+deb12u4
2026-05-20 00:10:24 status half-configured libxslt1-dev:arm64 1.1.35-1+deb12u4
2026-05-20 00:10:24 status installed libxslt1-dev:arm64 1.1.35-1+deb12u4
2026-05-20 00:10:24 configure openssh-server:arm64 1:9.2p1-2+deb12u10 <none>
2026-05-20 00:10:24 status unpacked openssh-server:arm64 1:9.2p1-2+deb12u10
2026-05-20 00:10:24 status half-configured openssh-server:arm64 1:9.2p1-2+deb12u10
2026-05-20 00:10:25 status installed openssh-server:arm64 1:9.2p1-2+deb12u10
2026-05-20 00:10:25 configure libpng-tools:arm64 1.6.39-2+deb12u5 <none>
2026-05-20 00:10:25 status unpacked libpng-tools:arm64 1.6.39-2+deb12u5
2026-05-20 00:10:25 status half-configured libpng-tools:arm64 1.6.39-2+deb12u5
2026-05-20 00:10:25 status installed libpng-tools:arm64 1.6.39-2+deb12u5
2026-05-20 00:10:25 configure grub2-common:arm64 2.06-13+deb12u2 <none>
2026-05-20 00:10:25 status unpacked grub2-common:arm64 2.06-13+deb12u2
2026-05-20 00:10:25 status half-configured grub2-common:arm64 2.06-13+deb12u2
2026-05-20 00:10:25 status installed grub2-common:arm64 2.06-13+deb12u2
2026-05-20 00:10:25 configure libpython3.11-stdlib:arm64 3.11.2-6+deb12u7 <none>
2026-05-20 00:10:25 status unpacked libpython3.11-stdlib:arm64 3.11.2-6+deb12u7
2026-05-20 00:10:25 status half-configured libpython3.11-stdlib:arm64 3.11.2-6+deb12u7
2026-05-20 00:10:25 status installed libpython3.11-stdlib:arm64 3.11.2-6+deb12u7
2026-05-20 00:10:25 configure libpng-dev:arm64 1.6.39-2+deb12u5 <none>
2026-05-20 00:10:25 status unpacked libpng-dev:arm64 1.6.39-2+deb12u5
2026-05-20 00:10:25 status half-configured libpng-dev:arm64 1.6.39-2+deb12u5
2026-05-20 00:10:25 status installed libpng-dev:arm64 1.6.39-2+deb12u5
2026-05-20 00:10:25 configure xserver-xorg-core:arm64 2:21.1.7-3+deb12u12 <none>
2026-05-20 00:10:25 status unpacked xserver-xorg-core:arm64 2:21.1.7-3+deb12u12
2026-05-20 00:10:25 status half-configured xserver-xorg-core:arm64 2:21.1.7-3+deb12u12
2026-05-20 00:10:25 status installed xserver-xorg-core:arm64 2:21.1.7-3+deb12u12
2026-05-20 00:10:25 configure libtagc0:arm64 1.13-2+deb12u1 <none>
2026-05-20 00:10:25 status unpacked libtagc0:arm64 1.13-2+deb12u1
2026-05-20 00:10:25 status half-configured libtagc0:arm64 1.13-2+deb12u1
2026-05-20 00:10:25 status installed libtagc0:arm64 1.13-2+deb12u1
2026-05-20 00:10:25 configure p7zip-full:arm64 16.02+really25.01+dfsg-0+deb12u1 <none>
2026-05-20 00:10:25 status unpacked p7zip-full:arm64 16.02+really25.01+dfsg-0+deb12u1
2026-05-20 00:10:25 status half-configured p7zip-full:arm64 16.02+really25.01+dfsg-0+deb12u1
2026-05-20 00:10:25 status installed p7zip-full:arm64 16.02+really25.01+dfsg-0+deb12u1
2026-05-20 00:10:25 configure dpkg-dev:all 1.21.23 <none>
2026-05-20 00:10:25 status unpacked dpkg-dev:all 1.21.23
2026-05-20 00:10:25 status half-configured dpkg-dev:all 1.21.23
2026-05-20 00:10:25 status installed dpkg-dev:all 1.21.23
2026-05-20 00:10:25 configure docker-ce:arm64 5:29.5.1-1~debian.12~bookworm <none>
2026-05-20 00:10:25 status unpacked docker-ce:arm64 5:29.5.1-1~debian.12~bookworm
2026-05-20 00:10:25 status half-configured docker-ce:arm64 5:29.5.1-1~debian.12~bookworm
2026-05-20 00:10:26 status installed docker-ce:arm64 5:29.5.1-1~debian.12~bookworm
2026-05-20 00:10:26 configure gvfs-libs:arm64 1.50.3-1+deb12u1 <none>
2026-05-20 00:10:26 status unpacked gvfs-libs:arm64 1.50.3-1+deb12u1
2026-05-20 00:10:26 status half-configured gvfs-libs:arm64 1.50.3-1+deb12u1
2026-05-20 00:10:26 status installed gvfs-libs:arm64 1.50.3-1+deb12u1
2026-05-20 00:10:26 configure libgdk-pixbuf2.0-bin:arm64 2.42.10+dfsg-1+deb12u4 <none>
2026-05-20 00:10:26 status unpacked libgdk-pixbuf2.0-bin:arm64 2.42.10+dfsg-1+deb12u4
2026-05-20 00:10:26 status half-configured libgdk-pixbuf2.0-bin:arm64 2.42.10+dfsg-1+deb12u4
2026-05-20 00:10:26 status installed libgdk-pixbuf2.0-bin:arm64 2.42.10+dfsg-1+deb12u4
2026-05-20 00:10:26 configure libc6-dev:arm64 2.36-9+deb12u14 <none>
2026-05-20 00:10:26 status unpacked libc6-dev:arm64 2.36-9+deb12u14
2026-05-20 00:10:26 status half-configured libc6-dev:arm64 2.36-9+deb12u14
2026-05-20 00:10:26 status installed libc6-dev:arm64 2.36-9+deb12u14
2026-05-20 00:10:26 configure libavcodec59:arm64 7:5.1.9-0+deb12u1 <none>
2026-05-20 00:10:26 status unpacked libavcodec59:arm64 7:5.1.9-0+deb12u1
2026-05-20 00:10:26 status half-configured libavcodec59:arm64 7:5.1.9-0+deb12u1
2026-05-20 00:10:26 status installed libavcodec59:arm64 7:5.1.9-0+deb12u1
2026-05-20 00:10:26 configure libgnutls28-dev:arm64 3.7.9-2+deb12u7 <none>
2026-05-20 00:10:26 status unpacked libgnutls28-dev:arm64 3.7.9-2+deb12u7
2026-05-20 00:10:26 status half-configured libgnutls28-dev:arm64 3.7.9-2+deb12u7
2026-05-20 00:10:26 status installed libgnutls28-dev:arm64 3.7.9-2+deb12u7
2026-05-20 00:10:26 configure python3.11:arm64 3.11.2-6+deb12u7 <none>
2026-05-20 00:10:26 status unpacked python3.11:arm64 3.11.2-6+deb12u7
2026-05-20 00:10:26 status half-configured python3.11:arm64 3.11.2-6+deb12u7
2026-05-20 00:10:26 status installed python3.11:arm64 3.11.2-6+deb12u7
2026-05-20 00:10:26 configure grub-efi-arm64:arm64 2.06-13+deb12u2 <none>
2026-05-20 00:10:26 status unpacked grub-efi-arm64:arm64 2.06-13+deb12u2
2026-05-20 00:10:26 status half-configured grub-efi-arm64:arm64 2.06-13+deb12u2
2026-05-20 00:10:27 status installed grub-efi-arm64:arm64 2.06-13+deb12u2
2026-05-20 00:10:27 status triggers-pending shim-signed:arm64 1.44~1+deb12u1+15.8-1~deb12u1
2026-05-20 00:10:27 configure gvfs-daemons:arm64 1.50.3-1+deb12u1 <none>
2026-05-20 00:10:27 status unpacked gvfs-daemons:arm64 1.50.3-1+deb12u1
2026-05-20 00:10:27 status half-configured gvfs-daemons:arm64 1.50.3-1+deb12u1
2026-05-20 00:10:27 status installed gvfs-daemons:arm64 1.50.3-1+deb12u1
2026-05-20 00:10:27 configure gvfs:arm64 1.50.3-1+deb12u1 <none>
2026-05-20 00:10:27 status unpacked gvfs:arm64 1.50.3-1+deb12u1
2026-05-20 00:10:27 status half-configured gvfs:arm64 1.50.3-1+deb12u1
2026-05-20 00:10:27 status installed gvfs:arm64 1.50.3-1+deb12u1
2026-05-20 00:10:27 trigproc initramfs-tools:all 0.142+deb12u3 <none>
2026-05-20 00:10:27 status half-configured initramfs-tools:all 0.142+deb12u3
2026-05-20 00:10:34 status installed initramfs-tools:all 0.142+deb12u3
2026-05-20 00:10:34 trigproc libc-bin:arm64 2.36-9+deb12u14 <none>
2026-05-20 00:10:34 status half-configured libc-bin:arm64 2.36-9+deb12u14
2026-05-20 00:10:34 status installed libc-bin:arm64 2.36-9+deb12u14
2026-05-20 00:10:34 trigproc systemd:arm64 252.39-1~deb12u2 <none>
2026-05-20 00:10:34 status half-configured systemd:arm64 252.39-1~deb12u2
2026-05-20 00:10:34 status installed systemd:arm64 252.39-1~deb12u2
2026-05-20 00:10:34 trigproc man-db:arm64 2.11.2-2 <none>
2026-05-20 00:10:34 status half-configured man-db:arm64 2.11.2-2
2026-05-20 00:10:35 status installed man-db:arm64 2.11.2-2
2026-05-20 00:10:35 trigproc dbus:arm64 1.14.10-1~deb12u1 <none>
2026-05-20 00:10:35 status half-configured dbus:arm64 1.14.10-1~deb12u1
2026-05-20 00:10:35 status installed dbus:arm64 1.14.10-1~deb12u1
2026-05-20 00:10:35 trigproc debianutils:arm64 5.7-0.5~deb12u1 <none>
2026-05-20 00:10:35 status half-configured debianutils:arm64 5.7-0.5~deb12u1
2026-05-20 00:10:35 status installed debianutils:arm64 5.7-0.5~deb12u1
2026-05-20 00:10:35 trigproc mailcap:all 3.70+nmu1 <none>
2026-05-20 00:10:35 status half-configured mailcap:all 3.70+nmu1
2026-05-20 00:10:35 status installed mailcap:all 3.70+nmu1
2026-05-20 00:10:35 trigproc desktop-file-utils:arm64 0.26-1 <none>
2026-05-20 00:10:35 status half-configured desktop-file-utils:arm64 0.26-1
2026-05-20 00:10:35 status installed desktop-file-utils:arm64 0.26-1
2026-05-20 00:10:35 trigproc shim-signed:arm64 1.44~1+deb12u1+15.8-1~deb12u1 <none>
2026-05-20 00:10:35 status half-configured shim-signed:arm64 1.44~1+deb12u1+15.8-1~deb12u1
2026-05-20 00:10:35 status installed shim-signed:arm64 1.44~1+deb12u1+15.8-1~deb12u1
2026-05-20 12:53:12 startup archives unpack
2026-05-20 12:53:12 install libyajl2:arm64 <none> 2.1.0-3+deb12u2
2026-05-20 12:53:12 status triggers-pending libc-bin:arm64 2.36-9+deb12u14
2026-05-20 12:53:12 status half-installed libyajl2:arm64 2.1.0-3+deb12u2
2026-05-20 12:53:12 status unpacked libyajl2:arm64 2.1.0-3+deb12u2
2026-05-20 12:53:12 install crun:arm64 <none> 1.8.1-1+deb12u1
2026-05-20 12:53:12 status half-installed crun:arm64 1.8.1-1+deb12u1
2026-05-20 12:53:12 status triggers-pending man-db:arm64 2.11.2-2
2026-05-20 12:53:12 status unpacked crun:arm64 1.8.1-1+deb12u1
2026-05-20 12:53:12 startup packages configure
2026-05-20 12:53:12 configure libyajl2:arm64 2.1.0-3+deb12u2 <none>
2026-05-20 12:53:12 status unpacked libyajl2:arm64 2.1.0-3+deb12u2
2026-05-20 12:53:12 status half-configured libyajl2:arm64 2.1.0-3+deb12u2
2026-05-20 12:53:12 status installed libyajl2:arm64 2.1.0-3+deb12u2
2026-05-20 12:53:12 configure crun:arm64 1.8.1-1+deb12u1 <none>
2026-05-20 12:53:12 status unpacked crun:arm64 1.8.1-1+deb12u1
2026-05-20 12:53:12 status half-configured crun:arm64 1.8.1-1+deb12u1
2026-05-20 12:53:12 status installed crun:arm64 1.8.1-1+deb12u1
2026-05-20 12:53:12 trigproc man-db:arm64 2.11.2-2 <none>
2026-05-20 12:53:12 status half-configured man-db:arm64 2.11.2-2
2026-05-20 12:53:12 status installed man-db:arm64 2.11.2-2
2026-05-20 12:53:12 trigproc libc-bin:arm64 2.36-9+deb12u14 <none>
2026-05-20 12:53:12 status half-configured libc-bin:arm64 2.36-9+deb12u14
2026-05-20 12:53:12 status installed libc-bin:arm64 2.36-9+deb12u14
2026-05-20 18:05:43 startup archives unpack
2026-05-20 18:05:43 install dnstracer:arm64 <none> 1.9-7+b1
2026-05-20 18:05:43 status half-installed dnstracer:arm64 1.9-7+b1
2026-05-20 18:05:43 status triggers-pending man-db:arm64 2.11.2-2
2026-05-20 18:05:43 status unpacked dnstracer:arm64 1.9-7+b1
2026-05-20 18:05:43 startup packages configure
2026-05-20 18:05:43 configure dnstracer:arm64 1.9-7+b1 <none>
2026-05-20 18:05:43 status unpacked dnstracer:arm64 1.9-7+b1
2026-05-20 18:05:43 status half-configured dnstracer:arm64 1.9-7+b1
2026-05-20 18:05:43 status installed dnstracer:arm64 1.9-7+b1
2026-05-20 18:05:43 trigproc man-db:arm64 2.11.2-2 <none>
2026-05-20 18:05:43 status half-configured man-db:arm64 2.11.2-2
2026-05-20 18:05:43 status installed man-db:arm64 2.11.2-2
2026-05-28 00:01:12 startup archives unpack
2026-05-28 00:01:12 install stress:arm64 <none> 1.0.7-1
2026-05-28 00:01:12 status half-installed stress:arm64 1.0.7-1
2026-05-28 00:01:12 status triggers-pending man-db:arm64 2.11.2-2
2026-05-28 00:01:12 status unpacked stress:arm64 1.0.7-1
2026-05-28 00:01:12 startup packages configure
2026-05-28 00:01:12 configure stress:arm64 1.0.7-1 <none>
2026-05-28 00:01:12 status unpacked stress:arm64 1.0.7-1
2026-05-28 00:01:12 status half-configured stress:arm64 1.0.7-1
2026-05-28 00:01:12 status installed stress:arm64 1.0.7-1
2026-05-28 00:01:12 trigproc man-db:arm64 2.11.2-2 <none>
2026-05-28 00:01:12 status half-configured man-db:arm64 2.11.2-2
2026-05-28 00:01:13 status installed man-db:arm64 2.11.2-2
2026-05-28 12:26:54 startup packages remove
2026-05-28 12:26:54 status installed slirp4netns:arm64 1.2.0-1
2026-05-28 12:26:54 remove slirp4netns:arm64 1.2.0-1 <none>
2026-05-28 12:26:54 status half-configured slirp4netns:arm64 1.2.0-1
2026-05-28 12:26:54 status half-installed slirp4netns:arm64 1.2.0-1
2026-05-28 12:26:54 status triggers-pending man-db:arm64 2.11.2-2
2026-05-28 12:26:54 status config-files slirp4netns:arm64 1.2.0-1
2026-05-28 12:26:54 status not-installed slirp4netns:arm64 <none>
2026-05-28 12:26:54 status installed libslirp0:arm64 4.7.0-1
2026-05-28 12:26:55 remove libslirp0:arm64 4.7.0-1 <none>
2026-05-28 12:26:55 status triggers-pending libc-bin:arm64 2.36-9+deb12u14
2026-05-28 12:26:55 status half-configured libslirp0:arm64 4.7.0-1
2026-05-28 12:26:55 status half-installed libslirp0:arm64 4.7.0-1
2026-05-28 12:26:55 status config-files libslirp0:arm64 4.7.0-1
2026-05-28 12:26:55 status not-installed libslirp0:arm64 <none>
2026-05-28 12:26:55 status installed linux-image-6.1.0-37-arm64:arm64 6.1.140-1
2026-05-28 12:26:55 remove linux-image-6.1.0-37-arm64:arm64 6.1.140-1 <none>
2026-05-28 12:26:55 status half-configured linux-image-6.1.0-37-arm64:arm64 6.1.140-1
2026-05-28 12:26:55 status half-installed linux-image-6.1.0-37-arm64:arm64 6.1.140-1
2026-05-28 12:26:55 status config-files linux-image-6.1.0-37-arm64:arm64 6.1.140-1
2026-05-28 12:26:55 startup packages configure
2026-05-28 12:26:55 trigproc man-db:arm64 2.11.2-2 <none>
2026-05-28 12:26:55 status half-configured man-db:arm64 2.11.2-2
2026-05-28 12:26:55 status installed man-db:arm64 2.11.2-2
2026-05-28 12:26:55 trigproc libc-bin:arm64 2.36-9+deb12u14 <none>
2026-05-28 12:26:55 status half-configured libc-bin:arm64 2.36-9+deb12u14
2026-05-28 12:26:55 status installed libc-bin:arm64 2.36-9+deb12u14
2026-05-28 12:32:01 startup archives unpack
2026-05-28 12:32:01 upgrade docker-ce-cli:arm64 5:29.5.1-1~debian.12~bookworm 5:29.5.2-1~debian.12~bookworm
2026-05-28 12:32:01 status half-configured docker-ce-cli:arm64 5:29.5.1-1~debian.12~bookworm
2026-05-28 12:32:01 status unpacked docker-ce-cli:arm64 5:29.5.1-1~debian.12~bookworm
2026-05-28 12:32:01 status half-installed docker-ce-cli:arm64 5:29.5.1-1~debian.12~bookworm
2026-05-28 12:32:01 status triggers-pending man-db:arm64 2.11.2-2
2026-05-28 12:32:02 status unpacked docker-ce-cli:arm64 5:29.5.2-1~debian.12~bookworm
2026-05-28 12:32:02 upgrade docker-ce:arm64 5:29.5.1-1~debian.12~bookworm 5:29.5.2-1~debian.12~bookworm
2026-05-28 12:32:02 status half-configured docker-ce:arm64 5:29.5.1-1~debian.12~bookworm
2026-05-28 12:32:02 status unpacked docker-ce:arm64 5:29.5.1-1~debian.12~bookworm
2026-05-28 12:32:02 status half-installed docker-ce:arm64 5:29.5.1-1~debian.12~bookworm
2026-05-28 12:32:02 status unpacked docker-ce:arm64 5:29.5.2-1~debian.12~bookworm
2026-05-28 12:32:02 upgrade docker-ce-rootless-extras:arm64 5:29.5.1-1~debian.12~bookworm 5:29.5.2-1~debian.12~bookworm
2026-05-28 12:32:02 status half-configured docker-ce-rootless-extras:arm64 5:29.5.1-1~debian.12~bookworm
2026-05-28 12:32:02 status unpacked docker-ce-rootless-extras:arm64 5:29.5.1-1~debian.12~bookworm
2026-05-28 12:32:02 status half-installed docker-ce-rootless-extras:arm64 5:29.5.1-1~debian.12~bookworm
2026-05-28 12:32:03 status unpacked docker-ce-rootless-extras:arm64 5:29.5.2-1~debian.12~bookworm
2026-05-28 12:32:03 startup packages configure
2026-05-28 12:32:03 configure docker-ce-cli:arm64 5:29.5.2-1~debian.12~bookworm <none>
2026-05-28 12:32:03 status unpacked docker-ce-cli:arm64 5:29.5.2-1~debian.12~bookworm
2026-05-28 12:32:03 status half-configured docker-ce-cli:arm64 5:29.5.2-1~debian.12~bookworm
2026-05-28 12:32:03 status installed docker-ce-cli:arm64 5:29.5.2-1~debian.12~bookworm
2026-05-28 12:32:03 configure docker-ce-rootless-extras:arm64 5:29.5.2-1~debian.12~bookworm <none>
2026-05-28 12:32:03 status unpacked docker-ce-rootless-extras:arm64 5:29.5.2-1~debian.12~bookworm
2026-05-28 12:32:03 status half-configured docker-ce-rootless-extras:arm64 5:29.5.2-1~debian.12~bookworm
2026-05-28 12:32:03 status installed docker-ce-rootless-extras:arm64 5:29.5.2-1~debian.12~bookworm
2026-05-28 12:32:03 configure docker-ce:arm64 5:29.5.2-1~debian.12~bookworm <none>
2026-05-28 12:32:03 status unpacked docker-ce:arm64 5:29.5.2-1~debian.12~bookworm
2026-05-28 12:32:03 status half-configured docker-ce:arm64 5:29.5.2-1~debian.12~bookworm
2026-05-28 12:32:04 status installed docker-ce:arm64 5:29.5.2-1~debian.12~bookworm
2026-05-28 12:32:04 trigproc man-db:arm64 2.11.2-2 <none>
2026-05-28 12:32:04 status half-configured man-db:arm64 2.11.2-2
2026-05-28 12:32:04 status installed man-db:arm64 2.11.2-2
2026-05-28 12:45:06 startup archives unpack
2026-05-28 12:45:06 upgrade docker-compose-plugin:arm64 5.1.3-1~debian.12~bookworm 5.1.4-1~debian.12~bookworm
2026-05-28 12:45:06 status half-configured docker-compose-plugin:arm64 5.1.3-1~debian.12~bookworm
2026-05-28 12:45:06 status unpacked docker-compose-plugin:arm64 5.1.3-1~debian.12~bookworm
2026-05-28 12:45:06 status half-installed docker-compose-plugin:arm64 5.1.3-1~debian.12~bookworm
2026-05-28 12:45:06 status unpacked docker-compose-plugin:arm64 5.1.4-1~debian.12~bookworm
2026-05-28 12:45:06 startup packages configure
2026-05-28 12:45:06 configure docker-compose-plugin:arm64 5.1.4-1~debian.12~bookworm <none>
2026-05-28 12:45:06 status unpacked docker-compose-plugin:arm64 5.1.4-1~debian.12~bookworm
2026-05-28 12:45:06 status half-configured docker-compose-plugin:arm64 5.1.4-1~debian.12~bookworm
2026-05-28 12:45:06 status installed docker-compose-plugin:arm64 5.1.4-1~debian.12~bookworm
